../Drivers/STM32C0xx_HAL_Driver/Inc/stm32c0xx_ll_rcc.h:579:26:LL_RCC_HSE_IsReady	8	static
../Drivers/STM32C0xx_HAL_Driver/Inc/stm32c0xx_ll_rcc.h:655:26:LL_RCC_HSIKER_GetDivider	8	static
../Drivers/STM32C0xx_HAL_Driver/Inc/stm32c0xx_ll_rcc.h:665:22:LL_RCC_HSI_Enable	8	static
../Drivers/STM32C0xx_HAL_Driver/Inc/stm32c0xx_ll_rcc.h:723:26:LL_RCC_HSI_IsReady	8	static
../Drivers/STM32C0xx_HAL_Driver/Inc/stm32c0xx_ll_rcc.h:749:22:LL_RCC_HSI_SetCalibTrimming	16	static
../Drivers/STM32C0xx_HAL_Driver/Inc/stm32c0xx_ll_rcc.h:869:26:LL_RCC_LSE_IsReady	8	static
../Drivers/STM32C0xx_HAL_Driver/Inc/stm32c0xx_ll_rcc.h:917:26:LL_RCC_LSI_IsReady	8	static
../Drivers/STM32C0xx_HAL_Driver/Inc/stm32c0xx_ll_rcc.h:1007:26:LL_RCC_GetSysClkSource	8	static
../Drivers/STM32C0xx_HAL_Driver/Inc/stm32c0xx_ll_rcc.h:1085:26:LL_RCC_GetAHBPrescaler	8	static
../Drivers/STM32C0xx_HAL_Driver/Inc/stm32c0xx_ll_rcc.h:1100:26:LL_RCC_GetAPB1Prescaler	8	static
../Drivers/STM32C0xx_HAL_Driver/Inc/stm32c0xx_ll_rcc.h:1273:26:LL_RCC_GetUSARTClockSource	16	static
../Drivers/STM32C0xx_HAL_Driver/Inc/stm32c0xx_ll_rcc.h:1289:26:LL_RCC_GetI2CClockSource	16	static
../Drivers/STM32C0xx_HAL_Driver/Inc/stm32c0xx_ll_rcc.h:1303:26:LL_RCC_GetADCClockSource	16	static
../Drivers/STM32C0xx_HAL_Driver/Inc/stm32c0xx_ll_rcc.h:1318:26:LL_RCC_GetI2SClockSource	16	static
../Drivers/STM32C0xx_HAL_Driver/Inc/stm32c0xx_ll_rcc.h:1357:26:LL_RCC_GetRTCClockSource	8	static
../Drivers/STM32C0xx_HAL_Driver/Src/stm32c0xx_ll_rcc.c:93:13:LL_RCC_DeInit	8	static
../Drivers/STM32C0xx_HAL_Driver/Src/stm32c0xx_ll_rcc.c:152:6:LL_RCC_GetSystemClocksFreq	16	static
../Drivers/STM32C0xx_HAL_Driver/Src/stm32c0xx_ll_rcc.c:171:10:LL_RCC_GetUSARTClockFreq	24	static
../Drivers/STM32C0xx_HAL_Driver/Src/stm32c0xx_ll_rcc.c:220:10:LL_RCC_GetI2CClockFreq	24	static
../Drivers/STM32C0xx_HAL_Driver/Src/stm32c0xx_ll_rcc.c:263:10:LL_RCC_GetI2SClockFreq	24	static
../Drivers/STM32C0xx_HAL_Driver/Src/stm32c0xx_ll_rcc.c:301:10:LL_RCC_GetADCClockFreq	24	static
../Drivers/STM32C0xx_HAL_Driver/Src/stm32c0xx_ll_rcc.c:331:10:LL_RCC_GetRTCClockFreq	16	static
../Drivers/STM32C0xx_HAL_Driver/Src/stm32c0xx_ll_rcc.c:381:10:RCC_GetSystemClockFreq	16	static
../Drivers/STM32C0xx_HAL_Driver/Src/stm32c0xx_ll_rcc.c:407:10:RCC_GetHCLKClockFreq	16	static
../Drivers/STM32C0xx_HAL_Driver/Src/stm32c0xx_ll_rcc.c:418:10:RCC_GetPCLK1ClockFreq	16	static
