Archive member included to satisfy reference by file (symbol)

c:/stm32cubeide/plugins/com.st.stm32cube.ide.mcu.externaltools.gnu-tools-for-stm32.10.3-2021.10.win32_1.0.200.202301161003/tools/bin/../lib/gcc/arm-none-eabi/10.3.1/../../../../arm-none-eabi/lib/thumb/v6-m/nofp\libc_nano.a(lib_a-errno.o)
                              ./Core/Src/syscalls.o (__errno)
c:/stm32cubeide/plugins/com.st.stm32cube.ide.mcu.externaltools.gnu-tools-for-stm32.10.3-2021.10.win32_1.0.200.202301161003/tools/bin/../lib/gcc/arm-none-eabi/10.3.1/../../../../arm-none-eabi/lib/thumb/v6-m/nofp\libc_nano.a(lib_a-exit.o)
                              c:/stm32cubeide/plugins/com.st.stm32cube.ide.mcu.externaltools.gnu-tools-for-stm32.10.3-2021.10.win32_1.0.200.202301161003/tools/bin/../lib/gcc/arm-none-eabi/10.3.1/../../../../arm-none-eabi/lib/thumb/v6-m/nofp/crt0.o (exit)
c:/stm32cubeide/plugins/com.st.stm32cube.ide.mcu.externaltools.gnu-tools-for-stm32.10.3-2021.10.win32_1.0.200.202301161003/tools/bin/../lib/gcc/arm-none-eabi/10.3.1/../../../../arm-none-eabi/lib/thumb/v6-m/nofp\libc_nano.a(lib_a-impure.o)
                              c:/stm32cubeide/plugins/com.st.stm32cube.ide.mcu.externaltools.gnu-tools-for-stm32.10.3-2021.10.win32_1.0.200.202301161003/tools/bin/../lib/gcc/arm-none-eabi/10.3.1/../../../../arm-none-eabi/lib/thumb/v6-m/nofp\libc_nano.a(lib_a-exit.o) (_global_impure_ptr)
c:/stm32cubeide/plugins/com.st.stm32cube.ide.mcu.externaltools.gnu-tools-for-stm32.10.3-2021.10.win32_1.0.200.202301161003/tools/bin/../lib/gcc/arm-none-eabi/10.3.1/../../../../arm-none-eabi/lib/thumb/v6-m/nofp\libc_nano.a(lib_a-init.o)
                              c:/stm32cubeide/plugins/com.st.stm32cube.ide.mcu.externaltools.gnu-tools-for-stm32.10.3-2021.10.win32_1.0.200.202301161003/tools/bin/../lib/gcc/arm-none-eabi/10.3.1/../../../../arm-none-eabi/lib/thumb/v6-m/nofp/crt0.o (__libc_init_array)
c:/stm32cubeide/plugins/com.st.stm32cube.ide.mcu.externaltools.gnu-tools-for-stm32.10.3-2021.10.win32_1.0.200.202301161003/tools/bin/../lib/gcc/arm-none-eabi/10.3.1/../../../../arm-none-eabi/lib/thumb/v6-m/nofp\libc_nano.a(lib_a-memset.o)
                              c:/stm32cubeide/plugins/com.st.stm32cube.ide.mcu.externaltools.gnu-tools-for-stm32.10.3-2021.10.win32_1.0.200.202301161003/tools/bin/../lib/gcc/arm-none-eabi/10.3.1/../../../../arm-none-eabi/lib/thumb/v6-m/nofp/crt0.o (memset)
c:/stm32cubeide/plugins/com.st.stm32cube.ide.mcu.externaltools.gnu-tools-for-stm32.10.3-2021.10.win32_1.0.200.202301161003/tools/bin/../lib/gcc/arm-none-eabi/10.3.1/thumb/v6-m/nofp\libgcc.a(_udivsi3.o)
                              ./Core/Src/system_stm32c0xx.o (__aeabi_uidiv)
c:/stm32cubeide/plugins/com.st.stm32cube.ide.mcu.externaltools.gnu-tools-for-stm32.10.3-2021.10.win32_1.0.200.202301161003/tools/bin/../lib/gcc/arm-none-eabi/10.3.1/thumb/v6-m/nofp\libgcc.a(_dvmd_tls.o)
                              c:/stm32cubeide/plugins/com.st.stm32cube.ide.mcu.externaltools.gnu-tools-for-stm32.10.3-2021.10.win32_1.0.200.202301161003/tools/bin/../lib/gcc/arm-none-eabi/10.3.1/thumb/v6-m/nofp\libgcc.a(_udivsi3.o) (__aeabi_idiv0)

Discarded input sections

 .text          0x0000000000000000        0x0 c:/stm32cubeide/plugins/com.st.stm32cube.ide.mcu.externaltools.gnu-tools-for-stm32.10.3-2021.10.win32_1.0.200.202301161003/tools/bin/../lib/gcc/arm-none-eabi/10.3.1/thumb/v6-m/nofp/crti.o
 .data          0x0000000000000000        0x0 c:/stm32cubeide/plugins/com.st.stm32cube.ide.mcu.externaltools.gnu-tools-for-stm32.10.3-2021.10.win32_1.0.200.202301161003/tools/bin/../lib/gcc/arm-none-eabi/10.3.1/thumb/v6-m/nofp/crti.o
 .bss           0x0000000000000000        0x0 c:/stm32cubeide/plugins/com.st.stm32cube.ide.mcu.externaltools.gnu-tools-for-stm32.10.3-2021.10.win32_1.0.200.202301161003/tools/bin/../lib/gcc/arm-none-eabi/10.3.1/thumb/v6-m/nofp/crti.o
 .data          0x0000000000000000        0x4 c:/stm32cubeide/plugins/com.st.stm32cube.ide.mcu.externaltools.gnu-tools-for-stm32.10.3-2021.10.win32_1.0.200.202301161003/tools/bin/../lib/gcc/arm-none-eabi/10.3.1/thumb/v6-m/nofp/crtbegin.o
 .rodata        0x0000000000000000       0x24 c:/stm32cubeide/plugins/com.st.stm32cube.ide.mcu.externaltools.gnu-tools-for-stm32.10.3-2021.10.win32_1.0.200.202301161003/tools/bin/../lib/gcc/arm-none-eabi/10.3.1/thumb/v6-m/nofp/crtbegin.o
 .text          0x0000000000000000       0x80 c:/stm32cubeide/plugins/com.st.stm32cube.ide.mcu.externaltools.gnu-tools-for-stm32.10.3-2021.10.win32_1.0.200.202301161003/tools/bin/../lib/gcc/arm-none-eabi/10.3.1/../../../../arm-none-eabi/lib/thumb/v6-m/nofp/crt0.o
 .data          0x0000000000000000        0x0 c:/stm32cubeide/plugins/com.st.stm32cube.ide.mcu.externaltools.gnu-tools-for-stm32.10.3-2021.10.win32_1.0.200.202301161003/tools/bin/../lib/gcc/arm-none-eabi/10.3.1/../../../../arm-none-eabi/lib/thumb/v6-m/nofp/crt0.o
[...]
Memory Configuration

Name             Origin             Length             Attributes
RAM              0x0000000020000000 0x0000000000003000 xrw
FLASH            0x0000000008000000 0x0000000000008000 xr
*default*        0x0000000000000000 0xffffffffffffffff

Linker script and memory map

LOAD c:/stm32cubeide/plugins/com.st.stm32cube.ide.mcu.externaltools.gnu-tools-for-stm32.10.3-2021.10.win32_1.0.200.202301161003/tools/bin/../lib/gcc/arm-none-eabi/10.3.1/thumb/v6-m/nofp/crti.o
LOAD c:/stm32cubeide/plugins/com.st.stm32cube.ide.mcu.externaltools.gnu-tools-for-stm32.10.3-2021.10.win32_1.0.200.202301161003/tools/bin/../lib/gcc/arm-none-eabi/10.3.1/thumb/v6-m/nofp/crtbegin.o
LOAD c:/stm32cubeide/plugins/com.st.stm32cube.ide.mcu.externaltools.gnu-tools-for-stm32.10.3-2021.10.win32_1.0.200.202301161003/tools/bin/../lib/gcc/arm-none-eabi/10.3.1/../../../../arm-none-eabi/lib/thumb/v6-m/nofp/crt0.o
LOAD ./Core/Src/main.o
LOAD ./Core/Src/stm32c0xx_hal_msp.o
LOAD ./Core/Src/stm32c0xx_it.o
LOAD ./Core/Src/syscalls.o
LOAD ./Core/Src/sysmem.o
LOAD ./Core/Src/system_stm32c0xx.o
LOAD ./Core/Startup/startup_stm32c031c6tx.o
LOAD ./Drivers/STM32C0xx_HAL_Driver/Src/stm32c0xx_hal.o
LOAD ./Drivers/STM32C0xx_HAL_Driver/Src/stm32c0xx_hal_cortex.o
LOAD ./Drivers/STM32C0xx_HAL_Driver/Src/stm32c0xx_hal_dma.o
LOAD ./Drivers/STM32C0xx_HAL_Driver/Src/stm32c0xx_hal_dma_ex.o
LOAD ./Drivers/STM32C0xx_HAL_Driver/Src/stm32c0xx_hal_exti.o
LOAD ./Drivers/STM32C0xx_HAL_Driver/Src/stm32c0xx_hal_flash.o
LOAD ./Drivers/STM32C0xx_HAL_Driver/Src/stm32c0xx_hal_flash_ex.o
LOAD ./Drivers/STM32C0xx_HAL_Driver/Src/stm32c0xx_hal_gpio.o
LOAD ./Drivers/STM32C0xx_HAL_Driver/Src/stm32c0xx_hal_pwr.o
LOAD ./Drivers/STM32C0xx_HAL_Driver/Src/stm32c0xx_hal_pwr_ex.o
LOAD ./Drivers/STM32C0xx_HAL_Driver/Src/stm32c0xx_hal_rcc.o
LOAD ./Drivers/STM32C0xx_HAL_Driver/Src/stm32c0xx_hal_rcc_ex.o
START GROUP
LOAD c:/stm32cubeide/plugins/com.st.stm32cube.ide.mcu.externaltools.gnu-tools-for-stm32.10.3-2021.10.win32_1.0.200.202301161003/tools/bin/../lib/gcc/arm-none-eabi/10.3.1/../../../../arm-none-eabi/lib/thumb/v6-m/nofp\libc_nano.a
LOAD c:/stm32cubeide/plugins/com.st.stm32cube.ide.mcu.externaltools.gnu-tools-for-stm32.10.3-2021.10.win32_1.0.200.202301161003/tools/bin/../lib/gcc/arm-none-eabi/10.3.1/../../../../arm-none-eabi/lib/thumb/v6-m/nofp\libm.a
END GROUP
START GROUP
LOAD c:/stm32cubeide/plugins/com.st.stm32cube.ide.mcu.externaltools.gnu-tools-for-stm32.10.3-2021.10.win32_1.0.200.202301161003/tools/bin/../lib/gcc/arm-none-eabi/10.3.1/thumb/v6-m/nofp\libgcc.a
LOAD c:/stm32cubeide/plugins/com.st.stm32cube.ide.mcu.externaltools.gnu-tools-for-stm32.10.3-2021.10.win32_1.0.200.202301161003/tools/bin/../lib/gcc/arm-none-eabi/10.3.1/../../../../arm-none-eabi/lib/thumb/v6-m/nofp\libc_nano.a
END GROUP
START GROUP
LOAD c:/stm32cubeide/plugins/com.st.stm32cube.ide.mcu.externaltools.gnu-tools-for-stm32.10.3-2021.10.win32_1.0.200.202301161003/tools/bin/../lib/gcc/arm-none-eabi/10.3.1/thumb/v6-m/nofp\libgcc.a
LOAD c:/stm32cubeide/plugins/com.st.stm32cube.ide.mcu.externaltools.gnu-tools-for-stm32.10.3-2021.10.win32_1.0.200.202301161003/tools/bin/../lib/gcc/arm-none-eabi/10.3.1/../../../../arm-none-eabi/lib/thumb/v6-m/nofp\libc_nano.a
LOAD c:/stm32cubeide/plugins/com.st.stm32cube.ide.mcu.externaltools.gnu-tools-for-stm32.10.3-2021.10.win32_1.0.200.202301161003/tools/bin/../lib/gcc/arm-none-eabi/10.3.1/../../../../arm-none-eabi/lib/thumb/v6-m/nofp\libnosys.a
END GROUP
START GROUP
LOAD c:/stm32cubeide/plugins/com.st.stm32cube.ide.mcu.externaltools.gnu-tools-for-stm32.10.3-2021.10.win32_1.0.200.202301161003/tools/bin/../lib/gcc/arm-none-eabi/10.3.1/thumb/v6-m/nofp\libgcc.a
LOAD c:/stm32cubeide/plugins/com.st.stm32cube.ide.mcu.externaltools.gnu-tools-for-stm32.10.3-2021.10.win32_1.0.200.202301161003/tools/bin/../lib/gcc/arm-none-eabi/10.3.1/../../../../arm-none-eabi/lib/thumb/v6-m/nofp\libc_nano.a
LOAD c:/stm32cubeide/plugins/com.st.stm32cube.ide.mcu.externaltools.gnu-tools-for-stm32.10.3-2021.10.win32_1.0.200.202301161003/tools/bin/../lib/gcc/arm-none-eabi/10.3.1/../../../../arm-none-eabi/lib/thumb/v6-m/nofp\libnosys.a
END GROUP
LOAD c:/stm32cubeide/plugins/com.st.stm32cube.ide.mcu.externaltools.gnu-tools-for-stm32.10.3-2021.10.win32_1.0.200.202301161003/tools/bin/../lib/gcc/arm-none-eabi/10.3.1/thumb/v6-m/nofp/crtend.o
LOAD c:/stm32cubeide/plugins/com.st.stm32cube.ide.mcu.externaltools.gnu-tools-for-stm32.10.3-2021.10.win32_1.0.200.202301161003/tools/bin/../lib/gcc/arm-none-eabi/10.3.1/thumb/v6-m/nofp/crtn.o
                0x0000000020003000                _estack = (ORIGIN (RAM) + LENGTH (RAM))
                0x0000000000000200                _Min_Heap_Size = 0x200
                0x0000000000000400                _Min_Stack_Size = 0x400

.isr_vector     0x0000000008000000       0xc0
                0x0000000008000000                . = ALIGN (0x4)
 *(.isr_vector)
 .isr_vector    0x0000000008000000       0xc0 ./Core/Startup/startup_stm32c031c6tx.o
                0x0000000008000000                g_pfnVectors
                0x00000000080000c0                . = ALIGN (0x4)

.text           0x00000000080000c0     0x1058
                0x00000000080000c0                . = ALIGN (0x4)
 *(.text)
 .text          0x00000000080000c0       0x48 c:/stm32cubeide/plugins/com.st.stm32cube.ide.mcu.externaltools.gnu-tools-for-stm32.10.3-2021.10.win32_1.0.200.202301161003/tools/bin/../lib/gcc/arm-none-eabi/10.3.1/thumb/v6-m/nofp/crtbegin.o
 .text          0x0000000008000108      0x114 c:/stm32cubeide/plugins/com.st.stm32cube.ide.mcu.externaltools.gnu-tools-for-stm32.10.3-2021.10.win32_1.0.200.202301161003/tools/bin/../lib/gcc/arm-none-eabi/10.3.1/thumb/v6-m/nofp\libgcc.a(_udivsi3.o)
                0x0000000008000108                __aeabi_uidiv
                0x0000000008000108                __udivsi3
                0x0000000008000214                __aeabi_uidivmod
 .text          0x000000000800021c        0x4 c:/stm32cubeide/plugins/com.st.stm32cube.ide.mcu.externaltools.gnu-tools-for-stm32.10.3-2021.10.win32_1.0.200.202301161003/tools/bin/../lib/gcc/arm-none-eabi/10.3.1/thumb/v6-m/nofp\libgcc.a(_dvmd_tls.o)
                0x000000000800021c                __aeabi_idiv0
                0x000000000800021c                __aeabi_ldiv0
 *(.text*)
 .text.main     0x0000000008000220       0x24 ./Core/Src/main.o
                0x0000000008000220                main
 .text.SystemClock_Config
                0x0000000008000244       0x88 ./Core/Src/main.o
                0x0000000008000244                SystemClock_Config
 .text.MX_GPIO_Init
                0x00000000080002cc       0x6c ./Core/Src/main.o
 .text.Error_Handler
                0x0000000008000338        0xa ./Core/Src/main.o
                0x0000000008000338                Error_Handler
 *fill*         0x0000000008000342        0x2 
 .text.HAL_MspInit
                0x0000000008000344       0x48 ./Core/Src/stm32c0xx_hal_msp.o
                0x0000000008000344                HAL_MspInit
 .text.NMI_Handler
                0x000000000800038c        0x6 ./Core/Src/stm32c0xx_it.o
                0x000000000800038c                NMI_Handler
 .text.HardFault_Handler
                0x0000000008000392        0x6 ./Core/Src/stm32c0xx_it.o
                0x0000000008000392                HardFault_Handler
 .text.SVC_Handler
                0x0000000008000398        0xa ./Core/Src/stm32c0xx_it.o
                0x0000000008000398                SVC_Handler
 .text.PendSV_Handler
                0x00000000080003a2        0xa ./Core/Src/stm32c0xx_it.o
                0x00000000080003a2                PendSV_Handler
 .text.SysTick_Handler
                0x00000000080003ac        0xe ./Core/Src/stm32c0xx_it.o
                0x00000000080003ac                SysTick_Handler
 *fill*         0x00000000080003ba        0x2 
 .text.SystemInit
                0x00000000080003bc       0x18 ./Core/Src/system_stm32c0xx.o
                0x00000000080003bc                SystemInit
 .text.Reset_Handler
                0x00000000080003d4       0x50 ./Core/Startup/startup_stm32c031c6tx.o
                0x00000000080003d4                Reset_Handler
 .text.Default_Handler
                0x0000000008000424        0x2 ./Core/Startup/startup_stm32c031c6tx.o
                0x0000000008000424                TIM1_CC_IRQHandler
                0x0000000008000424                I2C1_IRQHandler
                0x0000000008000424                DMAMUX1_IRQHandler
                0x0000000008000424                SPI1_IRQHandler
                0x0000000008000424                EXTI2_3_IRQHandler
                0x0000000008000424                ADC1_IRQHandler
                0x0000000008000424                TIM17_IRQHandler
                0x0000000008000424                RTC_IRQHandler
                0x0000000008000424                TIM16_IRQHandler
                0x0000000008000424                TIM3_IRQHandler
                0x0000000008000424                EXTI4_15_IRQHandler
                0x0000000008000424                RCC_IRQHandler
                0x0000000008000424                DMA1_Channel1_IRQHandler
                0x0000000008000424                Default_Handler
                0x0000000008000424                TIM14_IRQHandler
                0x0000000008000424                EXTI0_1_IRQHandler
                0x0000000008000424                WWDG_IRQHandler
                0x0000000008000424                DMA1_Channel2_3_IRQHandler
                0x0000000008000424                USART2_IRQHandler
                0x0000000008000424                FLASH_IRQHandler
                0x0000000008000424                USART1_IRQHandler
                0x0000000008000424                TIM1_BRK_UP_TRG_COM_IRQHandler
 .text.HAL_Init
                0x0000000008000426       0x2e ./Drivers/STM32C0xx_HAL_Driver/Src/stm32c0xx_hal.o
                0x0000000008000426                HAL_Init
 .text.HAL_InitTick
                0x0000000008000454       0x94 ./Drivers/STM32C0xx_HAL_Driver/Src/stm32c0xx_hal.o
                0x0000000008000454                HAL_InitTick
 .text.HAL_IncTick
                0x00000000080004e8       0x20 ./Drivers/STM32C0xx_HAL_Driver/Src/stm32c0xx_hal.o
                0x00000000080004e8                HAL_IncTick
 .text.HAL_GetTick
                0x0000000008000508       0x14 ./Drivers/STM32C0xx_HAL_Driver/Src/stm32c0xx_hal.o
                0x0000000008000508                HAL_GetTick
 .text.HAL_Delay
                0x000000000800051c       0x44 ./Drivers/STM32C0xx_HAL_Driver/Src/stm32c0xx_hal.o
                0x000000000800051c                HAL_Delay
 .text.__NVIC_SetPriority
                0x0000000008000560       0xdc ./Drivers/STM32C0xx_HAL_Driver/Src/stm32c0xx_hal_cortex.o
 .text.SysTick_Config
                0x000000000800063c       0x48 ./Drivers/STM32C0xx_HAL_Driver/Src/stm32c0xx_hal_cortex.o
 .text.HAL_NVIC_SetPriority
                0x0000000008000684       0x2a ./Drivers/STM32C0xx_HAL_Driver/Src/stm32c0xx_hal_cortex.o
                0x0000000008000684                HAL_NVIC_SetPriority
 .text.HAL_SYSTICK_Config
                0x00000000080006ae       0x1a ./Drivers/STM32C0xx_HAL_Driver/Src/stm32c0xx_hal_cortex.o
                0x00000000080006ae                HAL_SYSTICK_Config
 .text.HAL_GPIO_Init
                0x00000000080006c8      0x2e4 ./Drivers/STM32C0xx_HAL_Driver/Src/stm32c0xx_hal_gpio.o
                0x00000000080006c8                HAL_GPIO_Init
 .text.HAL_GPIO_WritePin
                0x00000000080009ac       0x3a ./Drivers/STM32C0xx_HAL_Driver/Src/stm32c0xx_hal_gpio.o
                0x00000000080009ac                HAL_GPIO_WritePin
 .text.HAL_GPIO_TogglePin
                0x00000000080009e6       0x36 ./Drivers/STM32C0xx_HAL_Driver/Src/stm32c0xx_hal_gpio.o
                0x00000000080009e6                HAL_GPIO_TogglePin
 .text.HAL_RCC_OscConfig
                0x0000000008000a1c      0x3f4 ./Drivers/STM32C0xx_HAL_Driver/Src/stm32c0xx_hal_rcc.o
                0x0000000008000a1c                HAL_RCC_OscConfig
 .text.HAL_RCC_ClockConfig
                0x0000000008000e10      0x214 ./Drivers/STM32C0xx_HAL_Driver/Src/stm32c0xx_hal_rcc.o
                0x0000000008000e10                HAL_RCC_ClockConfig
 .text.HAL_RCC_GetSysClockFreq
                0x0000000008001024       0x84 ./Drivers/STM32C0xx_HAL_Driver/Src/stm32c0xx_hal_rcc.o
                0x0000000008001024                HAL_RCC_GetSysClockFreq
 .text.__libc_init_array
                0x00000000080010a8       0x48 c:/stm32cubeide/plugins/com.st.stm32cube.ide.mcu.externaltools.gnu-tools-for-stm32.10.3-2021.10.win32_1.0.200.202301161003/tools/bin/../lib/gcc/arm-none-eabi/10.3.1/../../../../arm-none-eabi/lib/thumb/v6-m/nofp\libc_nano.a(lib_a-init.o)
                0x00000000080010a8                __libc_init_array
 .text.memset   0x00000000080010f0       0x10 c:/stm32cubeide/plugins/com.st.stm32cube.ide.mcu.externaltools.gnu-tools-for-stm32.10.3-2021.10.win32_1.0.200.202301161003/tools/bin/../lib/gcc/arm-none-eabi/10.3.1/../../../../arm-none-eabi/lib/thumb/v6-m/nofp\libc_nano.a(lib_a-memset.o)
                0x00000000080010f0                memset
 *(.glue_7)
 .glue_7        0x0000000008001100        0x0 linker stubs
 *(.glue_7t)
 .glue_7t       0x0000000008001100        0x0 linker stubs
 *(.eh_frame)
 .eh_frame      0x0000000008001100        0x0 c:/stm32cubeide/plugins/com.st.stm32cube.ide.mcu.externaltools.gnu-tools-for-stm32.10.3-2021.10.win32_1.0.200.202301161003/tools/bin/../lib/gcc/arm-none-eabi/10.3.1/thumb/v6-m/nofp/crtbegin.o
 *(.init)
 .init          0x0000000008001100        0x4 c:/stm32cubeide/plugins/com.st.stm32cube.ide.mcu.externaltools.gnu-tools-for-stm32.10.3-2021.10.win32_1.0.200.202301161003/tools/bin/../lib/gcc/arm-none-eabi/10.3.1/thumb/v6-m/nofp/crti.o
                0x0000000008001100                _init
 .init          0x0000000008001104        0x8 c:/stm32cubeide/plugins/com.st.stm32cube.ide.mcu.externaltools.gnu-tools-for-stm32.10.3-2021.10.win32_1.0.200.202301161003/tools/bin/../lib/gcc/arm-none-eabi/10.3.1/thumb/v6-m/nofp/crtn.o
 *(.fini)
 .fini          0x000000000800110c        0x4 c:/stm32cubeide/plugins/com.st.stm32cube.ide.mcu.externaltools.gnu-tools-for-stm32.10.3-2021.10.win32_1.0.200.202301161003/tools/bin/../lib/gcc/arm-none-eabi/10.3.1/thumb/v6-m/nofp/crti.o
                0x000000000800110c                _fini
 .fini          0x0000000008001110        0x8 c:/stm32cubeide/plugins/com.st.stm32cube.ide.mcu.externaltools.gnu-tools-for-stm32.10.3-2021.10.win32_1.0.200.202301161003/tools/bin/../lib/gcc/arm-none-eabi/10.3.1/thumb/v6-m/nofp/crtn.o
                0x0000000008001118                . = ALIGN (0x4)
                0x0000000008001118                _etext = .

.vfp11_veneer   0x0000000008001118        0x0
 .vfp11_veneer  0x0000000008001118        0x0 linker stubs

.v4_bx          0x0000000008001118        0x0
 .v4_bx         0x0000000008001118        0x0 linker stubs

.iplt           0x0000000008001118        0x0
 .iplt          0x0000000008001118        0x0 c:/stm32cubeide/plugins/com.st.stm32cube.ide.mcu.externaltools.gnu-tools-for-stm32.10.3-2021.10.win32_1.0.200.202301161003/tools/bin/../lib/gcc/arm-none-eabi/10.3.1/thumb/v6-m/nofp/crtbegin.o

.rodata         0x0000000008001118       0x40
                0x0000000008001118                . = ALIGN (0x4)
 *(.rodata)
 *(.rodata*)
 .rodata.AHBPrescTable
                0x0000000008001118       0x40 ./Core/Src/system_stm32c0xx.o
                0x0000000008001118                AHBPrescTable
                0x0000000008001158                . = ALIGN (0x4)

.rel.dyn        0x0000000008001158        0x0
 .rel.iplt      0x0000000008001158        0x0 c:/stm32cubeide/plugins/com.st.stm32cube.ide.mcu.externaltools.gnu-tools-for-stm32.10.3-2021.10.win32_1.0.200.202301161003/tools/bin/../lib/gcc/arm-none-eabi/10.3.1/thumb/v6-m/nofp/crtbegin.o

.ARM.extab      0x0000000008001158        0x0
                0x0000000008001158                . = ALIGN (0x4)
 *(.ARM.extab* .gnu.linkonce.armextab.*)
                0x0000000008001158                . = ALIGN (0x4)

.ARM            0x0000000008001158        0x0
                0x0000000008001158                . = ALIGN (0x4)
                0x0000000008001158                __exidx_start = .
 *(.ARM.exidx*)
                0x0000000008001158                __exidx_end = .
                0x0000000008001158                . = ALIGN (0x4)

.preinit_array  0x0000000008001158        0x0
                0x0000000008001158                . = ALIGN (0x4)
                0x0000000008001158                PROVIDE (__preinit_array_start = .)
 *(.preinit_array*)
                0x0000000008001158                PROVIDE (__preinit_array_end = .)
                0x0000000008001158                . = ALIGN (0x4)

.init_array     0x0000000008001158        0x4
                0x0000000008001158                . = ALIGN (0x4)
                0x0000000008001158                PROVIDE (__init_array_start = .)
 *(SORT_BY_NAME(.init_array.*))
 *(.init_array*)
 .init_array    0x0000000008001158        0x4 c:/stm32cubeide/plugins/com.st.stm32cube.ide.mcu.externaltools.gnu-tools-for-stm32.10.3-2021.10.win32_1.0.200.202301161003/tools/bin/../lib/gcc/arm-none-eabi/10.3.1/thumb/v6-m/nofp/crtbegin.o
                0x000000000800115c                PROVIDE (__init_array_end = .)
                0x000000000800115c                . = ALIGN (0x4)

.fini_array     0x000000000800115c        0x4
                0x000000000800115c                . = ALIGN (0x4)
                [!provide]                        PROVIDE (__fini_array_start = .)
 *(SORT_BY_NAME(.fini_array.*))
 *(.fini_array*)
 .fini_array    0x000000000800115c        0x4 c:/stm32cubeide/plugins/com.st.stm32cube.ide.mcu.externaltools.gnu-tools-for-stm32.10.3-2021.10.win32_1.0.200.202301161003/tools/bin/../lib/gcc/arm-none-eabi/10.3.1/thumb/v6-m/nofp/crtbegin.o
                [!provide]                        PROVIDE (__fini_array_end = .)
                0x0000000008001160                . = ALIGN (0x4)
                0x0000000008001160                _sidata = LOADADDR (.data)

.data           0x0000000020000000        0xc load address 0x0000000008001160
                0x0000000020000000                . = ALIGN (0x4)
                0x0000000020000000                _sdata = .
 *(.data)
 *(.data*)
 .data.SystemCoreClock
                0x0000000020000000        0x4 ./Core/Src/system_stm32c0xx.o
                0x0000000020000000                SystemCoreClock
 .data.uwTickPrio
                0x0000000020000004        0x4 ./Drivers/STM32C0xx_HAL_Driver/Src/stm32c0xx_hal.o
                0x0000000020000004                uwTickPrio
 .data.uwTickFreq
                0x0000000020000008        0x4 ./Drivers/STM32C0xx_HAL_Driver/Src/stm32c0xx_hal.o
                0x0000000020000008                uwTickFreq
 *(.RamFunc)
 *(.RamFunc*)
                0x000000002000000c                . = ALIGN (0x4)
                0x000000002000000c                _edata = .

.igot.plt       0x000000002000000c        0x0 load address 0x000000000800116c
 .igot.plt      0x000000002000000c        0x0 c:/stm32cubeide/plugins/com.st.stm32cube.ide.mcu.externaltools.gnu-tools-for-stm32.10.3-2021.10.win32_1.0.200.202301161003/tools/bin/../lib/gcc/arm-none-eabi/10.3.1/thumb/v6-m/nofp/crtbegin.o
                0x000000002000000c                . = ALIGN (0x4)

.bss            0x000000002000000c       0x20 load address 0x000000000800116c
                0x000000002000000c                _sbss = .
                0x000000002000000c                __bss_start__ = _sbss
 *(.bss)
 .bss           0x000000002000000c       0x1c c:/stm32cubeide/plugins/com.st.stm32cube.ide.mcu.externaltools.gnu-tools-for-stm32.10.3-2021.10.win32_1.0.200.202301161003/tools/bin/../lib/gcc/arm-none-eabi/10.3.1/thumb/v6-m/nofp/crtbegin.o
 *(.bss*)
 .bss.uwTick    0x0000000020000028        0x4 ./Drivers/STM32C0xx_HAL_Driver/Src/stm32c0xx_hal.o
                0x0000000020000028                uwTick
 *(COMMON)
                0x000000002000002c                . = ALIGN (0x4)
                0x000000002000002c                _ebss = .
                0x000000002000002c                __bss_end__ = _ebss

._user_heap_stack
                0x000000002000002c      0x604 load address 0x000000000800116c
                0x0000000020000030                . = ALIGN (0x8)
 *fill*         0x000000002000002c        0x4 
                [!provide]                        PROVIDE (end = .)
                0x0000000020000030                PROVIDE (_end = .)
                0x0000000020000230                . = (. + _Min_Heap_Size)
 *fill*         0x0000000020000030      0x200 
                0x0000000020000630                . = (. + _Min_Stack_Size)
 *fill*         0x0000000020000230      0x400 
                0x0000000020000630                . = ALIGN (0x8)

/DISCARD/
 libc.a(*)
 libm.a(*)
 libgcc.a(*)

.ARM.attributes
                0x0000000000000000       0x28
 *(.ARM.attributes)
 .ARM.attributes
                0x0000000000000000       0x1e c:/stm32cubeide/plugins/com.st.stm32cube.ide.mcu.externaltools.gnu-tools-for-stm32.10.3-2021.10.win32_1.0.200.202301161003/tools/bin/../lib/gcc/arm-none-eabi/10.3.1/thumb/v6-m/nofp/crti.o
 .ARM.attributes
                0x000000000000001e       0x2c c:/stm32cubeide/plugins/com.st.stm32cube.ide.mcu.externaltools.gnu-tools-for-stm32.10.3-2021.10.win32_1.0.200.202301161003/tools/bin/../lib/gcc/arm-none-eabi/10.3.1/thumb/v6-m/nofp/crtbegin.o
 .ARM.attributes
                0x000000000000004a       0x2c ./Core/Src/main.o
 .ARM.attributes
                0x0000000000000076       0x2c ./Core/Src/stm32c0xx_hal_msp.o
 .ARM.attributes
                0x00000000000000a2       0x2c ./Core/Src/stm32c0xx_it.o
 .ARM.attributes
                0x00000000000000ce       0x2c ./Core/Src/system_stm32c0xx.o
 .ARM.attributes
                0x00000000000000fa       0x22 ./Core/Startup/startup_stm32c031c6tx.o
 .ARM.attributes
                0x000000000000011c       0x2c ./Drivers/STM32C0xx_HAL_Driver/Src/stm32c0xx_hal.o
 .ARM.attributes
                0x0000000000000148       0x2c ./Drivers/STM32C0xx_HAL_Driver/Src/stm32c0xx_hal_cortex.o
 .ARM.attributes
                0x0000000000000174       0x2c ./Drivers/STM32C0xx_HAL_Driver/Src/stm32c0xx_hal_gpio.o
 .ARM.attributes
                0x00000000000001a0       0x2c ./Drivers/STM32C0xx_HAL_Driver/Src/stm32c0xx_hal_rcc.o
 .ARM.attributes
                0x00000000000001cc       0x2c c:/stm32cubeide/plugins/com.st.stm32cube.ide.mcu.externaltools.gnu-tools-for-stm32.10.3-2021.10.win32_1.0.200.202301161003/tools/bin/../lib/gcc/arm-none-eabi/10.3.1/../../../../arm-none-eabi/lib/thumb/v6-m/nofp\libc_nano.a(lib_a-init.o)
 .ARM.attributes
                0x00000000000001f8       0x2c c:/stm32cubeide/plugins/com.st.stm32cube.ide.mcu.externaltools.gnu-tools-for-stm32.10.3-2021.10.win32_1.0.200.202301161003/tools/bin/../lib/gcc/arm-none-eabi/10.3.1/../../../../arm-none-eabi/lib/thumb/v6-m/nofp\libc_nano.a(lib_a-memset.o)
 .ARM.attributes
                0x0000000000000224       0x1e c:/stm32cubeide/plugins/com.st.stm32cube.ide.mcu.externaltools.gnu-tools-for-stm32.10.3-2021.10.win32_1.0.200.202301161003/tools/bin/../lib/gcc/arm-none-eabi/10.3.1/thumb/v6-m/nofp\libgcc.a(_udivsi3.o)
 .ARM.attributes
                0x0000000000000242       0x1e c:/stm32cubeide/plugins/com.st.stm32cube.ide.mcu.externaltools.gnu-tools-for-stm32.10.3-2021.10.win32_1.0.200.202301161003/tools/bin/../lib/gcc/arm-none-eabi/10.3.1/thumb/v6-m/nofp\libgcc.a(_dvmd_tls.o)
 .ARM.attributes
                0x0000000000000260       0x1e c:/stm32cubeide/plugins/com.st.stm32cube.ide.mcu.externaltools.gnu-tools-for-stm32.10.3-2021.10.win32_1.0.200.202301161003/tools/bin/../lib/gcc/arm-none-eabi/10.3.1/thumb/v6-m/nofp/crtn.o
OUTPUT(C031_Nucleo-blinky.elf elf32-littlearm)
LOAD linker stubs
LOAD c:/stm32cubeide/plugins/com.st.stm32cube.ide.mcu.externaltools.gnu-tools-for-stm32.10.3-2021.10.win32_1.0.200.202301161003/tools/bin/../lib/gcc/arm-none-eabi/10.3.1/../../../../arm-none-eabi/lib/thumb/v6-m/nofp\libc.a
LOAD c:/stm32cubeide/plugins/com.st.stm32cube.ide.mcu.externaltools.gnu-tools-for-stm32.10.3-2021.10.win32_1.0.200.202301161003/tools/bin/../lib/gcc/arm-none-eabi/10.3.1/../../../../arm-none-eabi/lib/thumb/v6-m/nofp\libm.a
LOAD c:/stm32cubeide/plugins/com.st.stm32cube.ide.mcu.externaltools.gnu-tools-for-stm32.10.3-2021.10.win32_1.0.200.202301161003/tools/bin/../lib/gcc/arm-none-eabi/10.3.1/thumb/v6-m/nofp\libgcc.a

.debug_info     0x0000000000000000     0x2bf9
 .debug_info    0x0000000000000000      0x5be ./Core/Src/main.o
 .debug_info    0x00000000000005be      0x246 ./Core/Src/stm32c0xx_hal_msp.o
 .debug_info    0x0000000000000804       0xda ./Core/Src/stm32c0xx_it.o
 .debug_info    0x00000000000008de      0x371 ./Core/Src/system_stm32c0xx.o
 .debug_info    0x0000000000000c4f       0x22 ./Core/Startup/startup_stm32c031c6tx.o
 .debug_info    0x0000000000000c71      0x839 ./Drivers/STM32C0xx_HAL_Driver/Src/stm32c0xx_hal.o
 .debug_info    0x00000000000014aa      0x8a7 ./Drivers/STM32C0xx_HAL_Driver/Src/stm32c0xx_hal_cortex.o
 .debug_info    0x0000000000001d51      0x598 ./Drivers/STM32C0xx_HAL_Driver/Src/stm32c0xx_hal_gpio.o
 .debug_info    0x00000000000022e9      0x910 ./Drivers/STM32C0xx_HAL_Driver/Src/stm32c0xx_hal_rcc.o

.debug_abbrev   0x0000000000000000      0xe42
 .debug_abbrev  0x0000000000000000      0x1e4 ./Core/Src/main.o
 .debug_abbrev  0x00000000000001e4       0xd4 ./Core/Src/stm32c0xx_hal_msp.o
 .debug_abbrev  0x00000000000002b8       0x74 ./Core/Src/stm32c0xx_it.o
 .debug_abbrev  0x000000000000032c      0x116 ./Core/Src/system_stm32c0xx.o
 .debug_abbrev  0x0000000000000442       0x12 ./Core/Startup/startup_stm32c031c6tx.o
 .debug_abbrev  0x0000000000000454      0x2db ./Drivers/STM32C0xx_HAL_Driver/Src/stm32c0xx_hal.o
 .debug_abbrev  0x000000000000072f      0x2ac ./Drivers/STM32C0xx_HAL_Driver/Src/stm32c0xx_hal_cortex.o
 .debug_abbrev  0x00000000000009db      0x1ca ./Drivers/STM32C0xx_HAL_Driver/Src/stm32c0xx_hal_gpio.o
 .debug_abbrev  0x0000000000000ba5      0x29d ./Drivers/STM32C0xx_HAL_Driver/Src/stm32c0xx_hal_rcc.o

.debug_aranges  0x0000000000000000      0x3d0
 .debug_aranges
                0x0000000000000000       0x38 ./Core/Src/main.o
 .debug_aranges
                0x0000000000000038       0x20 ./Core/Src/stm32c0xx_hal_msp.o
 .debug_aranges
                0x0000000000000058       0x40 ./Core/Src/stm32c0xx_it.o
 .debug_aranges
                0x0000000000000098       0x28 ./Core/Src/system_stm32c0xx.o
 .debug_aranges
                0x00000000000000c0       0x28 ./Core/Startup/startup_stm32c031c6tx.o
 .debug_aranges
                0x00000000000000e8      0x110 ./Drivers/STM32C0xx_HAL_Driver/Src/stm32c0xx_hal.o
 .debug_aranges
                0x00000000000001f8       0xd8 ./Drivers/STM32C0xx_HAL_Driver/Src/stm32c0xx_hal_cortex.o
 .debug_aranges
                0x00000000000002d0       0x60 ./Drivers/STM32C0xx_HAL_Driver/Src/stm32c0xx_hal_gpio.o
 .debug_aranges
                0x0000000000000330       0xa0 ./Drivers/STM32C0xx_HAL_Driver/Src/stm32c0xx_hal_rcc.o

.debug_ranges   0x0000000000000000      0x348
 .debug_ranges  0x0000000000000000       0x28 ./Core/Src/main.o
 .debug_ranges  0x0000000000000028       0x10 ./Core/Src/stm32c0xx_hal_msp.o
 .debug_ranges  0x0000000000000038       0x30 ./Core/Src/stm32c0xx_it.o
 .debug_ranges  0x0000000000000068       0x18 ./Core/Src/system_stm32c0xx.o
 .debug_ranges  0x0000000000000080       0x20 ./Core/Startup/startup_stm32c031c6tx.o
 .debug_ranges  0x00000000000000a0      0x100 ./Drivers/STM32C0xx_HAL_Driver/Src/stm32c0xx_hal.o
 .debug_ranges  0x00000000000001a0       0xc8 ./Drivers/STM32C0xx_HAL_Driver/Src/stm32c0xx_hal_cortex.o
 .debug_ranges  0x0000000000000268       0x50 ./Drivers/STM32C0xx_HAL_Driver/Src/stm32c0xx_hal_gpio.o
 .debug_ranges  0x00000000000002b8       0x90 ./Drivers/STM32C0xx_HAL_Driver/Src/stm32c0xx_hal_rcc.o

.debug_macro    0x0000000000000000    0x115d1
 .debug_macro   0x0000000000000000      0x1b7 ./Core/Src/main.o
 .debug_macro   0x00000000000001b7      0xa4e ./Core/Src/main.o
 .debug_macro   0x0000000000000c05       0x2e ./Core/Src/main.o
 .debug_macro   0x0000000000000c33       0x28 ./Core/Src/main.o
 .debug_macro   0x0000000000000c5b       0x22 ./Core/Src/main.o
 .debug_macro   0x0000000000000c7d       0x8e ./Core/Src/main.o
 .debug_macro   0x0000000000000d0b       0x51 ./Core/Src/main.o
 .debug_macro   0x0000000000000d5c      0x103 ./Core/Src/main.o
 .debug_macro   0x0000000000000e5f       0x6a ./Core/Src/main.o
 .debug_macro   0x0000000000000ec9      0x1df ./Core/Src/main.o
 .debug_macro   0x00000000000010a8       0x1c ./Core/Src/main.o
 .debug_macro   0x00000000000010c4       0x22 ./Core/Src/main.o
 .debug_macro   0x00000000000010e6       0xd1 ./Core/Src/main.o
 .debug_macro   0x00000000000011b7      0x4da ./Core/Src/main.o
 .debug_macro   0x0000000000001691      0x11f ./Core/Src/main.o
 .debug_macro   0x00000000000017b0     0x9557 ./Core/Src/main.o
 .debug_macro   0x000000000000ad07       0x6c ./Core/Src/main.o
 .debug_macro   0x000000000000ad73      0x11f ./Core/Src/main.o
 .debug_macro   0x000000000000ae92       0xdd ./Core/Src/main.o
 .debug_macro   0x000000000000af6f     0x340f ./Core/Src/main.o
 .debug_macro   0x000000000000e37e      0x174 ./Core/Src/main.o
 .debug_macro   0x000000000000e4f2       0x5a ./Core/Src/main.o
 .debug_macro   0x000000000000e54c      0x35f ./Core/Src/main.o
 .debug_macro   0x000000000000e8ab      0xb42 ./Core/Src/main.o
 .debug_macro   0x000000000000f3ed      0x136 ./Core/Src/main.o
 .debug_macro   0x000000000000f523      0x158 ./Core/Src/main.o
 .debug_macro   0x000000000000f67b      0x1b5 ./Core/Src/main.o
 .debug_macro   0x000000000000f830      0x264 ./Core/Src/main.o
 .debug_macro   0x000000000000fa94      0x17e ./Core/Src/main.o
 .debug_macro   0x000000000000fc12       0x43 ./Core/Src/main.o
 .debug_macro   0x000000000000fc55      0x1f1 ./Core/Src/main.o
 .debug_macro   0x000000000000fe46      0x1b1 ./Core/Src/main.o
 .debug_macro   0x000000000000fff7      0x34b ./Core/Src/main.o
 .debug_macro   0x0000000000010342       0x28 ./Core/Src/main.o
 .debug_macro   0x000000000001036a       0xba ./Core/Src/main.o
 .debug_macro   0x0000000000010424       0xff ./Core/Src/main.o
 .debug_macro   0x0000000000010523       0xcc ./Core/Src/main.o
 .debug_macro   0x00000000000105ef      0x38c ./Core/Src/main.o
 .debug_macro   0x000000000001097b       0x10 ./Core/Src/main.o
 .debug_macro   0x000000000001098b      0x1b7 ./Core/Src/stm32c0xx_hal_msp.o
 .debug_macro   0x0000000000010b42      0x1c1 ./Core/Src/stm32c0xx_it.o
 .debug_macro   0x0000000000010d03      0x1ae ./Core/Src/system_stm32c0xx.o
 .debug_macro   0x0000000000010eb1      0x1c6 ./Drivers/STM32C0xx_HAL_Driver/Src/stm32c0xx_hal.o
 .debug_macro   0x0000000000011077      0x1a8 ./Drivers/STM32C0xx_HAL_Driver/Src/stm32c0xx_hal_cortex.o
 .debug_macro   0x000000000001121f      0x1da ./Drivers/STM32C0xx_HAL_Driver/Src/stm32c0xx_hal_gpio.o
 .debug_macro   0x00000000000113f9      0x1d8 ./Drivers/STM32C0xx_HAL_Driver/Src/stm32c0xx_hal_rcc.o

.debug_line     0x0000000000000000     0x455f
 .debug_line    0x0000000000000000      0x6c9 ./Core/Src/main.o
 .debug_line    0x00000000000006c9      0x630 ./Core/Src/stm32c0xx_hal_msp.o
 .debug_line    0x0000000000000cf9      0x695 ./Core/Src/stm32c0xx_it.o
 .debug_line    0x000000000000138e      0x676 ./Core/Src/system_stm32c0xx.o
 .debug_line    0x0000000000001a04       0x89 ./Core/Startup/startup_stm32c031c6tx.o
 .debug_line    0x0000000000001a8d      0x9bc ./Drivers/STM32C0xx_HAL_Driver/Src/stm32c0xx_hal.o
 .debug_line    0x0000000000002449      0xa5a ./Drivers/STM32C0xx_HAL_Driver/Src/stm32c0xx_hal_cortex.o
 .debug_line    0x0000000000002ea3      0xa6b ./Drivers/STM32C0xx_HAL_Driver/Src/stm32c0xx_hal_gpio.o
 .debug_line    0x000000000000390e      0xc51 ./Drivers/STM32C0xx_HAL_Driver/Src/stm32c0xx_hal_rcc.o

.debug_str      0x0000000000000000    0x6b375
 .debug_str     0x0000000000000000    0x6a394 ./Core/Src/main.o
                                      0x6a91d (size before relaxing)
 .debug_str     0x000000000006a394       0x2c ./Core/Src/stm32c0xx_hal_msp.o
                                      0x6a6cc (size before relaxing)
 .debug_str     0x000000000006a3c0       0x82 ./Core/Src/stm32c0xx_it.o
                                      0x6a657 (size before relaxing)
 .debug_str     0x000000000006a442       0xb7 ./Core/Src/system_stm32c0xx.o
                                      0x6a71f (size before relaxing)
 .debug_str     0x000000000006a4f9       0x36 ./Core/Startup/startup_stm32c031c6tx.o
                                         0x68 (size before relaxing)
 .debug_str     0x000000000006a52f      0x564 ./Drivers/STM32C0xx_HAL_Driver/Src/stm32c0xx_hal.o
                                      0x6acdc (size before relaxing)
 .debug_str     0x000000000006aa93      0x28b ./Drivers/STM32C0xx_HAL_Driver/Src/stm32c0xx_hal_cortex.o
                                      0x6ab04 (size before relaxing)
 .debug_str     0x000000000006ad1e      0x200 ./Drivers/STM32C0xx_HAL_Driver/Src/stm32c0xx_hal_gpio.o
                                      0x6a8ef (size before relaxing)
 .debug_str     0x000000000006af1e      0x457 ./Drivers/STM32C0xx_HAL_Driver/Src/stm32c0xx_hal_rcc.o
                                      0x6acff (size before relaxing)

.comment        0x0000000000000000       0x50
 .comment       0x0000000000000000       0x50 ./Core/Src/main.o
                                         0x51 (size before relaxing)
 .comment       0x0000000000000050       0x51 ./Core/Src/stm32c0xx_hal_msp.o
 .comment       0x0000000000000050       0x51 ./Core/Src/stm32c0xx_it.o
 .comment       0x0000000000000050       0x51 ./Core/Src/system_stm32c0xx.o
 .comment       0x0000000000000050       0x51 ./Drivers/STM32C0xx_HAL_Driver/Src/stm32c0xx_hal.o
 .comment       0x0000000000000050       0x51 ./Drivers/STM32C0xx_HAL_Driver/Src/stm32c0xx_hal_cortex.o
 .comment       0x0000000000000050       0x51 ./Drivers/STM32C0xx_HAL_Driver/Src/stm32c0xx_hal_gpio.o
 .comment       0x0000000000000050       0x51 ./Drivers/STM32C0xx_HAL_Driver/Src/stm32c0xx_hal_rcc.o

.debug_frame    0x0000000000000000      0xbe4
 .debug_frame   0x0000000000000000       0x88 ./Core/Src/main.o
 .debug_frame   0x0000000000000088       0x30 ./Core/Src/stm32c0xx_hal_msp.o
 .debug_frame   0x00000000000000b8       0x9c ./Core/Src/stm32c0xx_it.o
 .debug_frame   0x0000000000000154       0x4c ./Core/Src/system_stm32c0xx.o
 .debug_frame   0x00000000000001a0      0x398 ./Drivers/STM32C0xx_HAL_Driver/Src/stm32c0xx_hal.o
 .debug_frame   0x0000000000000538      0x2fc ./Drivers/STM32C0xx_HAL_Driver/Src/stm32c0xx_hal_cortex.o
 .debug_frame   0x0000000000000834      0x130 ./Drivers/STM32C0xx_HAL_Driver/Src/stm32c0xx_hal_gpio.o
 .debug_frame   0x0000000000000964      0x214 ./Drivers/STM32C0xx_HAL_Driver/Src/stm32c0xx_hal_rcc.o
 .debug_frame   0x0000000000000b78       0x2c c:/stm32cubeide/plugins/com.st.stm32cube.ide.mcu.externaltools.gnu-tools-for-stm32.10.3-2021.10.win32_1.0.200.202301161003/tools/bin/../lib/gcc/arm-none-eabi/10.3.1/../../../../arm-none-eabi/lib/thumb/v6-m/nofp\libc_nano.a(lib_a-init.o)
 .debug_frame   0x0000000000000ba4       0x20 c:/stm32cubeide/plugins/com.st.stm32cube.ide.mcu.externaltools.gnu-tools-for-stm32.10.3-2021.10.win32_1.0.200.202301161003/tools/bin/../lib/gcc/arm-none-eabi/10.3.1/../../../../arm-none-eabi/lib/thumb/v6-m/nofp\libc_nano.a(lib_a-memset.o)
 .debug_frame   0x0000000000000bc4       0x20 c:/stm32cubeide/plugins/com.st.stm32cube.ide.mcu.externaltools.gnu-tools-for-stm32.10.3-2021.10.win32_1.0.200.202301161003/tools/bin/../lib/gcc/arm-none-eabi/10.3.1/thumb/v6-m/nofp\libgcc.a(_udivsi3.o)
