Archive member included to satisfy reference by file (symbol)

c:/stm32cubeide/plugins/com.st.stm32cube.ide.mcu.externaltools.gnu-tools-for-stm32.10.3-2021.10.win32_1.0.200.202301161003/tools/bin/../lib/gcc/arm-none-eabi/10.3.1/../../../../arm-none-eabi/lib/thumb/v6-m/nofp\libc_nano.a(lib_a-errno.o)
                              ./Core/Src/syscalls.o (__errno)
c:/stm32cubeide/plugins/com.st.stm32cube.ide.mcu.externaltools.gnu-tools-for-stm32.10.3-2021.10.win32_1.0.200.202301161003/tools/bin/../lib/gcc/arm-none-eabi/10.3.1/../../../../arm-none-eabi/lib/thumb/v6-m/nofp\libc_nano.a(lib_a-exit.o)
                              c:/stm32cubeide/plugins/com.st.stm32cube.ide.mcu.externaltools.gnu-tools-for-stm32.10.3-2021.10.win32_1.0.200.202301161003/tools/bin/../lib/gcc/arm-none-eabi/10.3.1/../../../../arm-none-eabi/lib/thumb/v6-m/nofp/crt0.o (exit)
c:/stm32cubeide/plugins/com.st.stm32cube.ide.mcu.externaltools.gnu-tools-for-stm32.10.3-2021.10.win32_1.0.200.202301161003/tools/bin/../lib/gcc/arm-none-eabi/10.3.1/../../../../arm-none-eabi/lib/thumb/v6-m/nofp\libc_nano.a(lib_a-impure.o)
                              c:/stm32cubeide/plugins/com.st.stm32cube.ide.mcu.externaltools.gnu-tools-for-stm32.10.3-2021.10.win32_1.0.200.202301161003/tools/bin/../lib/gcc/arm-none-eabi/10.3.1/../../../../arm-none-eabi/lib/thumb/v6-m/nofp\libc_nano.a(lib_a-exit.o) (_global_impure_ptr)
c:/stm32cubeide/plugins/com.st.stm32cube.ide.mcu.externaltools.gnu-tools-for-stm32.10.3-2021.10.win32_1.0.200.202301161003/tools/bin/../lib/gcc/arm-none-eabi/10.3.1/../../../../arm-none-eabi/lib/thumb/v6-m/nofp\libc_nano.a(lib_a-init.o)
                              c:/stm32cubeide/plugins/com.st.stm32cube.ide.mcu.externaltools.gnu-tools-for-stm32.10.3-2021.10.win32_1.0.200.202301161003/tools/bin/../lib/gcc/arm-none-eabi/10.3.1/../../../../arm-none-eabi/lib/thumb/v6-m/nofp/crt0.o (__libc_init_array)
c:/stm32cubeide/plugins/com.st.stm32cube.ide.mcu.externaltools.gnu-tools-for-stm32.10.3-2021.10.win32_1.0.200.202301161003/tools/bin/../lib/gcc/arm-none-eabi/10.3.1/../../../../arm-none-eabi/lib/thumb/v6-m/nofp\libc_nano.a(lib_a-memset.o)
                              c:/stm32cubeide/plugins/com.st.stm32cube.ide.mcu.externaltools.gnu-tools-for-stm32.10.3-2021.10.win32_1.0.200.202301161003/tools/bin/../lib/gcc/arm-none-eabi/10.3.1/../../../../arm-none-eabi/lib/thumb/v6-m/nofp/crt0.o (memset)
c:/stm32cubeide/plugins/com.st.stm32cube.ide.mcu.externaltools.gnu-tools-for-stm32.10.3-2021.10.win32_1.0.200.202301161003/tools/bin/../lib/gcc/arm-none-eabi/10.3.1/thumb/v6-m/nofp\libgcc.a(_udivsi3.o)
                              ./Core/Src/system_stm32c0xx.o (__aeabi_uidiv)
c:/stm32cubeide/plugins/com.st.stm32cube.ide.mcu.externaltools.gnu-tools-for-stm32.10.3-2021.10.win32_1.0.200.202301161003/tools/bin/../lib/gcc/arm-none-eabi/10.3.1/thumb/v6-m/nofp\libgcc.a(_dvmd_tls.o)
                              c:/stm32cubeide/plugins/com.st.stm32cube.ide.mcu.externaltools.gnu-tools-for-stm32.10.3-2021.10.win32_1.0.200.202301161003/tools/bin/../lib/gcc/arm-none-eabi/10.3.1/thumb/v6-m/nofp\libgcc.a(_udivsi3.o) (__aeabi_idiv0)
c:/stm32cubeide/plugins/com.st.stm32cube.ide.mcu.externaltools.gnu-tools-for-stm32.10.3-2021.10.win32_1.0.200.202301161003/tools/bin/../lib/gcc/arm-none-eabi/10.3.1/thumb/v6-m/nofp\libgcc.a(_clzsi2.o)
                              ./Drivers/STM32C0xx_HAL_Driver/Src/stm32c0xx_ll_gpio.o (__clzsi2)

Discarded input sections

 .text          0x0000000000000000        0x0 c:/stm32cubeide/plugins/com.st.stm32cube.ide.mcu.externaltools.gnu-tools-for-stm32.10.3-2021.10.win32_1.0.200.202301161003/tools/bin/../lib/gcc/arm-none-eabi/10.3.1/thumb/v6-m/nofp/crti.o
 .data          0x0000000000000000        0x0 c:/stm32cubeide/plugins/com.st.stm32cube.ide.mcu.externaltools.gnu-tools-for-stm32.10.3-2021.10.win32_1.0.200.202301161003/tools/bin/../lib/gcc/arm-none-eabi/10.3.1/thumb/v6-m/nofp/crti.o
 .bss           0x0000000000000000        0x0 c:/stm32cubeide/plugins/com.st.stm32cube.ide.mcu.externaltools.gnu-tools-for-stm32.10.3-2021.10.win32_1.0.200.202301161003/tools/bin/../lib/gcc/arm-none-eabi/10.3.1/thumb/v6-m/nofp/crti.o
 .data          0x0000000000000000        0x4 c:/stm32cubeide/plugins/com.st.stm32cube.ide.mcu.externaltools.gnu-tools-for-stm32.10.3-2021.10.win32_1.0.200.202301161003/tools/bin/../lib/gcc/arm-none-eabi/10.3.1/thumb/v6-m/nofp/crtbegin.o
 .rodata        0x0000000000000000       0x24 c:/stm32cubeide/plugins/com.st.stm32cube.ide.mcu.externaltools.gnu-tools-for-stm32.10.3-2021.10.win32_1.0.200.202301161003/tools/bin/../lib/gcc/arm-none-eabi/10.3.1/thumb/v6-m/nofp/crtbegin.o
 .text          0x0000000000000000       0x80 c:/stm32cubeide/plugins/com.st.stm32cube.ide.mcu.externaltools.gnu-tools-for-stm32.10.3-2021.10.win32_1.0.200.202301161003/tools/bin/../lib/gcc/arm-none-eabi/10.3.1/../../../../arm-none-eabi/lib/thumb/v6-m/nofp/crt0.o
 .data          0x0000000000000000        0x0 c:/stm32cubeide/plugins/com.st.stm32cube.ide.mcu.externaltools.gnu-tools-for-stm32.10.3-2021.10.win32_1.0.200.202301161003/tools/bin/../lib/gcc/arm-none-eabi/10.3.1/../../../../arm-none-eabi/lib/thumb/v6-m/nofp/crt0.o
 .bss           0x0000000000000000        0x0 c:/stm32cubeide/plugins/com.st.stm32cube.ide.mcu.externaltools.gnu-tools-for-stm32.10.3-2021.10.win32_1.0.200.202301161003/tools/bin/../lib/gcc/arm-none-eabi/10.3.1/../../../../arm-none-eabi/lib/thumb/v6-m/nofp/crt0.o
 .ARM.extab     0x0000000000000000        0x0 c:/stm32cubeide/plugins/com.st.stm32cube.ide.mcu.externaltools.gnu-tools-for-stm32.10.3-2021.10.win32_1.0.200.202301161003/tools/bin/../lib/gcc/arm-none-eabi/10.3.1/../../../../arm-none-eabi/lib/thumb/v6-m/nofp/crt0.o
 .ARM.exidx     0x0000000000000000       0x10 c:/stm32cubeide/plugins/com.st.stm32cube.ide.mcu.externaltools.gnu-tools-for-stm32.10.3-2021.10.win32_1.0.200.202301161003/tools/bin/../lib/gcc/arm-none-eabi/10.3.1/../../../../arm-none-eabi/lib/thumb/v6-m/nofp/crt0.o
 .ARM.attributes
                0x0000000000000000       0x1b c:/stm32cubeide/plugins/com.st.stm32cube.ide.mcu.externaltools.gnu-tools-for-stm32.10.3-2021.10.win32_1.0.200.202301161003/tools/bin/../lib/gcc/arm-none-eabi/10.3.1/../../../../arm-none-eabi/lib/thumb/v6-m/nofp/crt0.o
 .group         0x0000000000000000        0xc ./Core/Src/main.o
 .group         0x0000000000000000        0xc ./Core/Src/main.o
 .group         0x0000000000000000        0xc ./Core/Src/main.o
 .group         0x0000000000000000        0xc ./Core/Src/main.o
 .group         0x0000000000000000        0xc ./Core/Src/main.o
 .group         0x0000000000000000        0xc ./Core/Src/main.o
 .group         0x0000000000000000        0xc ./Core/Src/main.o
 .group         0x0000000000000000        0xc ./Core/Src/main.o
 .group         0x0000000000000000        0xc ./Core/Src/main.o
 .group         0x0000000000000000        0xc ./Core/Src/main.o
 .group         0x0000000000000000        0xc ./Core/Src/main.o
 .group         0x0000000000000000        0xc ./Core/Src/main.o
 .group         0x0000000000000000        0xc ./Core/Src/main.o
 .group         0x0000000000000000        0xc ./Core/Src/main.o
 .group         0x0000000000000000        0xc ./Core/Src/main.o
 .group         0x0000000000000000        0xc ./Core/Src/main.o
 .group         0x0000000000000000        0xc ./Core/Src/main.o
 .group         0x0000000000000000        0xc ./Core/Src/main.o
 .group         0x0000000000000000        0xc ./Core/Src/main.o
 .group         0x0000000000000000        0xc ./Core/Src/main.o
 .group         0x0000000000000000        0xc ./Core/Src/main.o
 .group         0x0000000000000000        0xc ./Core/Src/main.o
 .group         0x0000000000000000        0xc ./Core/Src/main.o
 .group         0x0000000000000000        0xc ./Core/Src/main.o
 .group         0x0000000000000000        0xc ./Core/Src/main.o
 .group         0x0000000000000000        0xc ./Core/Src/main.o
 .group         0x0000000000000000        0xc ./Core/Src/main.o
 .text          0x0000000000000000        0x0 ./Core/Src/main.o
 .data          0x0000000000000000        0x0 ./Core/Src/main.o
 .bss           0x0000000000000000        0x0 ./Core/Src/main.o
 .rodata.CHANNEL_OFFSET_TAB
                0x0000000000000000        0x3 ./Core/Src/main.o
 .text.Error_Handler
                0x0000000000000000        0xa ./Core/Src/main.o
 .group         0x0000000000000000        0xc ./Core/Src/stm32c0xx_it.o
 .group         0x0000000000000000        0xc ./Core/Src/stm32c0xx_it.o
 .group         0x0000000000000000        0xc ./Core/Src/stm32c0xx_it.o
 .group         0x0000000000000000        0xc ./Core/Src/stm32c0xx_it.o
 .group         0x0000000000000000        0xc ./Core/Src/stm32c0xx_it.o
 .group         0x0000000000000000        0xc ./Core/Src/stm32c0xx_it.o
 .group         0x0000000000000000        0xc ./Core/Src/stm32c0xx_it.o
 .group         0x0000000000000000        0xc ./Core/Src/stm32c0xx_it.o
 .group         0x0000000000000000        0xc ./Core/Src/stm32c0xx_it.o
 .group         0x0000000000000000        0xc ./Core/Src/stm32c0xx_it.o
 .group         0x0000000000000000        0xc ./Core/Src/stm32c0xx_it.o
 .group         0x0000000000000000        0xc ./Core/Src/stm32c0xx_it.o
 .group         0x0000000000000000        0xc ./Core/Src/stm32c0xx_it.o
 .group         0x0000000000000000        0xc ./Core/Src/stm32c0xx_it.o
 .group         0x0000000000000000        0xc ./Core/Src/stm32c0xx_it.o
 .group         0x0000000000000000        0xc ./Core/Src/stm32c0xx_it.o
 .group         0x0000000000000000        0xc ./Core/Src/stm32c0xx_it.o
 .group         0x0000000000000000        0xc ./Core/Src/stm32c0xx_it.o
 .group         0x0000000000000000        0xc ./Core/Src/stm32c0xx_it.o
 .group         0x0000000000000000        0xc ./Core/Src/stm32c0xx_it.o
 .group         0x0000000000000000        0xc ./Core/Src/stm32c0xx_it.o
 .group         0x0000000000000000        0xc ./Core/Src/stm32c0xx_it.o
 .group         0x0000000000000000        0xc ./Core/Src/stm32c0xx_it.o
 .group         0x0000000000000000        0xc ./Core/Src/stm32c0xx_it.o
 .group         0x0000000000000000        0xc ./Core/Src/stm32c0xx_it.o
 .group         0x0000000000000000        0xc ./Core/Src/stm32c0xx_it.o
 .group         0x0000000000000000        0xc ./Core/Src/stm32c0xx_it.o
 .text          0x0000000000000000        0x0 ./Core/Src/stm32c0xx_it.o
 .data          0x0000000000000000        0x0 ./Core/Src/stm32c0xx_it.o
 .bss           0x0000000000000000        0x0 ./Core/Src/stm32c0xx_it.o
 .rodata.CHANNEL_OFFSET_TAB
                0x0000000000000000        0x3 ./Core/Src/stm32c0xx_it.o
 .debug_macro   0x0000000000000000      0xa90 ./Core/Src/stm32c0xx_it.o
 .debug_macro   0x0000000000000000       0x2e ./Core/Src/stm32c0xx_it.o
 .debug_macro   0x0000000000000000       0x28 ./Core/Src/stm32c0xx_it.o
 .debug_macro   0x0000000000000000       0x22 ./Core/Src/stm32c0xx_it.o
 .debug_macro   0x0000000000000000       0x8e ./Core/Src/stm32c0xx_it.o
 .debug_macro   0x0000000000000000       0x51 ./Core/Src/stm32c0xx_it.o
 .debug_macro   0x0000000000000000      0x103 ./Core/Src/stm32c0xx_it.o
 .debug_macro   0x0000000000000000       0x6a ./Core/Src/stm32c0xx_it.o
 .debug_macro   0x0000000000000000      0x1df ./Core/Src/stm32c0xx_it.o
 .debug_macro   0x0000000000000000       0x1c ./Core/Src/stm32c0xx_it.o
 .debug_macro   0x0000000000000000       0x22 ./Core/Src/stm32c0xx_it.o
 .debug_macro   0x0000000000000000       0xd1 ./Core/Src/stm32c0xx_it.o
 .debug_macro   0x0000000000000000      0x4da ./Core/Src/stm32c0xx_it.o
 .debug_macro   0x0000000000000000      0x11f ./Core/Src/stm32c0xx_it.o
 .debug_macro   0x0000000000000000     0x9557 ./Core/Src/stm32c0xx_it.o
 .debug_macro   0x0000000000000000       0x6c ./Core/Src/stm32c0xx_it.o
 .debug_macro   0x0000000000000000      0x361 ./Core/Src/stm32c0xx_it.o
 .debug_macro   0x0000000000000000       0xb2 ./Core/Src/stm32c0xx_it.o
 .debug_macro   0x0000000000000000      0x125 ./Core/Src/stm32c0xx_it.o
 .debug_macro   0x0000000000000000      0x161 ./Core/Src/stm32c0xx_it.o
 .debug_macro   0x0000000000000000      0x179 ./Core/Src/stm32c0xx_it.o
 .debug_macro   0x0000000000000000       0x58 ./Core/Src/stm32c0xx_it.o
 .debug_macro   0x0000000000000000      0x14a ./Core/Src/stm32c0xx_it.o
 .debug_macro   0x0000000000000000      0x2c2 ./Core/Src/stm32c0xx_it.o
 .debug_macro   0x0000000000000000      0x185 ./Core/Src/stm32c0xx_it.o
 .debug_macro   0x0000000000000000      0x166 ./Core/Src/stm32c0xx_it.o
 .debug_macro   0x0000000000000000       0x2e ./Core/Src/stm32c0xx_it.o
 .group         0x0000000000000000        0xc ./Core/Src/syscalls.o
 .group         0x0000000000000000        0xc ./Core/Src/syscalls.o
 .group         0x0000000000000000        0xc ./Core/Src/syscalls.o
 .group         0x0000000000000000        0xc ./Core/Src/syscalls.o
 .group         0x0000000000000000        0xc ./Core/Src/syscalls.o
 .group         0x0000000000000000        0xc ./Core/Src/syscalls.o
 .group         0x0000000000000000        0xc ./Core/Src/syscalls.o
 .group         0x0000000000000000        0xc ./Core/Src/syscalls.o
 .group         0x0000000000000000        0xc ./Core/Src/syscalls.o
 .group         0x0000000000000000        0xc ./Core/Src/syscalls.o
 .group         0x0000000000000000        0xc ./Core/Src/syscalls.o
 .group         0x0000000000000000        0xc ./Core/Src/syscalls.o
 .group         0x0000000000000000        0xc ./Core/Src/syscalls.o
 .group         0x0000000000000000        0xc ./Core/Src/syscalls.o
 .group         0x0000000000000000        0xc ./Core/Src/syscalls.o
 .group         0x0000000000000000        0xc ./Core/Src/syscalls.o
 .group         0x0000000000000000        0xc ./Core/Src/syscalls.o
 .group         0x0000000000000000        0xc ./Core/Src/syscalls.o
 .group         0x0000000000000000        0xc ./Core/Src/syscalls.o
 .group         0x0000000000000000        0xc ./Core/Src/syscalls.o
 .group         0x0000000000000000        0xc ./Core/Src/syscalls.o
 .group         0x0000000000000000        0xc ./Core/Src/syscalls.o
 .group         0x0000000000000000        0xc ./Core/Src/syscalls.o
 .group         0x0000000000000000        0xc ./Core/Src/syscalls.o
 .group         0x0000000000000000        0xc ./Core/Src/syscalls.o
 .group         0x0000000000000000        0xc ./Core/Src/syscalls.o
 .group         0x0000000000000000        0xc ./Core/Src/syscalls.o
 .group         0x0000000000000000        0xc ./Core/Src/syscalls.o
 .group         0x0000000000000000        0xc ./Core/Src/syscalls.o
 .group         0x0000000000000000        0xc ./Core/Src/syscalls.o
 .group         0x0000000000000000        0xc ./Core/Src/syscalls.o
 .group         0x0000000000000000        0xc ./Core/Src/syscalls.o
 .group         0x0000000000000000        0xc ./Core/Src/syscalls.o
 .group         0x0000000000000000        0xc ./Core/Src/syscalls.o
 .group         0x0000000000000000        0xc ./Core/Src/syscalls.o
 .group         0x0000000000000000        0xc ./Core/Src/syscalls.o
 .group         0x0000000000000000        0xc ./Core/Src/syscalls.o
 .group         0x0000000000000000        0xc ./Core/Src/syscalls.o
 .group         0x0000000000000000        0xc ./Core/Src/syscalls.o
 .group         0x0000000000000000        0xc ./Core/Src/syscalls.o
 .group         0x0000000000000000        0xc ./Core/Src/syscalls.o
 .group         0x0000000000000000        0xc ./Core/Src/syscalls.o
 .group         0x0000000000000000        0xc ./Core/Src/syscalls.o
 .group         0x0000000000000000        0xc ./Core/Src/syscalls.o
 .group         0x0000000000000000        0xc ./Core/Src/syscalls.o
 .group         0x0000000000000000        0xc ./Core/Src/syscalls.o
 .group         0x0000000000000000        0xc ./Core/Src/syscalls.o
 .text          0x0000000000000000        0x0 ./Core/Src/syscalls.o
 .data          0x0000000000000000        0x0 ./Core/Src/syscalls.o
 .bss           0x0000000000000000        0x0 ./Core/Src/syscalls.o
 .bss.__env     0x0000000000000000        0x4 ./Core/Src/syscalls.o
 .data.environ  0x0000000000000000        0x4 ./Core/Src/syscalls.o
 .text.initialise_monitor_handles
                0x0000000000000000        0xa ./Core/Src/syscalls.o
 .text._getpid  0x0000000000000000        0xc ./Core/Src/syscalls.o
 .text._kill    0x0000000000000000       0x20 ./Core/Src/syscalls.o
 .text._exit    0x0000000000000000       0x18 ./Core/Src/syscalls.o
 .text._read    0x0000000000000000       0x3a ./Core/Src/syscalls.o
 .text._write   0x0000000000000000       0x38 ./Core/Src/syscalls.o
 .text._close   0x0000000000000000       0x14 ./Core/Src/syscalls.o
 .text._fstat   0x0000000000000000       0x1c ./Core/Src/syscalls.o
 .text._isatty  0x0000000000000000       0x12 ./Core/Src/syscalls.o
 .text._lseek   0x0000000000000000       0x16 ./Core/Src/syscalls.o
 .text._open    0x0000000000000000       0x1c ./Core/Src/syscalls.o
 .text._wait    0x0000000000000000       0x1e ./Core/Src/syscalls.o
 .text._unlink  0x0000000000000000       0x1e ./Core/Src/syscalls.o
 .text._times   0x0000000000000000       0x14 ./Core/Src/syscalls.o
 .text._stat    0x0000000000000000       0x1c ./Core/Src/syscalls.o
 .text._link    0x0000000000000000       0x20 ./Core/Src/syscalls.o
 .text._fork    0x0000000000000000       0x18 ./Core/Src/syscalls.o
 .text._execve  0x0000000000000000       0x22 ./Core/Src/syscalls.o
 .debug_info    0x0000000000000000      0x6e0 ./Core/Src/syscalls.o
 .debug_abbrev  0x0000000000000000      0x1b3 ./Core/Src/syscalls.o
 .debug_aranges
                0x0000000000000000       0xa8 ./Core/Src/syscalls.o
 .debug_ranges  0x0000000000000000       0x98 ./Core/Src/syscalls.o
 .debug_macro   0x0000000000000000      0x24c ./Core/Src/syscalls.o
 .debug_macro   0x0000000000000000      0xa90 ./Core/Src/syscalls.o
 .debug_macro   0x0000000000000000       0x22 ./Core/Src/syscalls.o
 .debug_macro   0x0000000000000000       0x4c ./Core/Src/syscalls.o
 .debug_macro   0x0000000000000000       0x18 ./Core/Src/syscalls.o
 .debug_macro   0x0000000000000000       0x94 ./Core/Src/syscalls.o
 .debug_macro   0x0000000000000000       0x3c ./Core/Src/syscalls.o
 .debug_macro   0x0000000000000000       0x34 ./Core/Src/syscalls.o
 .debug_macro   0x0000000000000000       0x57 ./Core/Src/syscalls.o
 .debug_macro   0x0000000000000000      0x174 ./Core/Src/syscalls.o
 .debug_macro   0x0000000000000000      0x341 ./Core/Src/syscalls.o
 .debug_macro   0x0000000000000000       0x16 ./Core/Src/syscalls.o
 .debug_macro   0x0000000000000000       0x43 ./Core/Src/syscalls.o
 .debug_macro   0x0000000000000000       0x34 ./Core/Src/syscalls.o
 .debug_macro   0x0000000000000000       0x10 ./Core/Src/syscalls.o
 .debug_macro   0x0000000000000000       0x58 ./Core/Src/syscalls.o
 .debug_macro   0x0000000000000000       0x71 ./Core/Src/syscalls.o
 .debug_macro   0x0000000000000000       0x1c ./Core/Src/syscalls.o
 .debug_macro   0x0000000000000000      0x12a ./Core/Src/syscalls.o
 .debug_macro   0x0000000000000000       0x10 ./Core/Src/syscalls.o
 .debug_macro   0x0000000000000000       0x35 ./Core/Src/syscalls.o
 .debug_macro   0x0000000000000000       0x10 ./Core/Src/syscalls.o
 .debug_macro   0x0000000000000000       0x10 ./Core/Src/syscalls.o
 .debug_macro   0x0000000000000000       0x10 ./Core/Src/syscalls.o
 .debug_macro   0x0000000000000000       0x6a ./Core/Src/syscalls.o
 .debug_macro   0x0000000000000000       0x1c ./Core/Src/syscalls.o
 .debug_macro   0x0000000000000000       0x52 ./Core/Src/syscalls.o
 .debug_macro   0x0000000000000000       0x22 ./Core/Src/syscalls.o
 .debug_macro   0x0000000000000000       0x10 ./Core/Src/syscalls.o
 .debug_macro   0x0000000000000000       0x52 ./Core/Src/syscalls.o
 .debug_macro   0x0000000000000000       0xd5 ./Core/Src/syscalls.o
 .debug_macro   0x0000000000000000       0x1c ./Core/Src/syscalls.o
 .debug_macro   0x0000000000000000       0x3d ./Core/Src/syscalls.o
 .debug_macro   0x0000000000000000       0x35 ./Core/Src/syscalls.o
 .debug_macro   0x0000000000000000      0x12c ./Core/Src/syscalls.o
 .debug_macro   0x0000000000000000       0x16 ./Core/Src/syscalls.o
 .debug_macro   0x0000000000000000       0x16 ./Core/Src/syscalls.o
 .debug_macro   0x0000000000000000       0x29 ./Core/Src/syscalls.o
 .debug_macro   0x0000000000000000       0x10 ./Core/Src/syscalls.o
 .debug_macro   0x0000000000000000      0x241 ./Core/Src/syscalls.o
 .debug_macro   0x0000000000000000       0x1c ./Core/Src/syscalls.o
 .debug_macro   0x0000000000000000       0x10 ./Core/Src/syscalls.o
 .debug_macro   0x0000000000000000       0x10 ./Core/Src/syscalls.o
 .debug_macro   0x0000000000000000       0x16 ./Core/Src/syscalls.o
 .debug_macro   0x0000000000000000      0x145 ./Core/Src/syscalls.o
 .debug_macro   0x0000000000000000      0x189 ./Core/Src/syscalls.o
 .debug_macro   0x0000000000000000       0x16 ./Core/Src/syscalls.o
 .debug_macro   0x0000000000000000       0xce ./Core/Src/syscalls.o
 .debug_line    0x0000000000000000      0x78b ./Core/Src/syscalls.o
 .debug_str     0x0000000000000000     0x8a62 ./Core/Src/syscalls.o
 .comment       0x0000000000000000       0x51 ./Core/Src/syscalls.o
 .debug_frame   0x0000000000000000      0x244 ./Core/Src/syscalls.o
 .ARM.attributes
                0x0000000000000000       0x2c ./Core/Src/syscalls.o
 .group         0x0000000000000000        0xc ./Core/Src/sysmem.o
 .group         0x0000000000000000        0xc ./Core/Src/sysmem.o
 .group         0x0000000000000000        0xc ./Core/Src/sysmem.o
 .group         0x0000000000000000        0xc ./Core/Src/sysmem.o
 .group         0x0000000000000000        0xc ./Core/Src/sysmem.o
 .group         0x0000000000000000        0xc ./Core/Src/sysmem.o
 .group         0x0000000000000000        0xc ./Core/Src/sysmem.o
 .group         0x0000000000000000        0xc ./Core/Src/sysmem.o
 .group         0x0000000000000000        0xc ./Core/Src/sysmem.o
 .group         0x0000000000000000        0xc ./Core/Src/sysmem.o
 .group         0x0000000000000000        0xc ./Core/Src/sysmem.o
 .group         0x0000000000000000        0xc ./Core/Src/sysmem.o
 .group         0x0000000000000000        0xc ./Core/Src/sysmem.o
 .group         0x0000000000000000        0xc ./Core/Src/sysmem.o
 .group         0x0000000000000000        0xc ./Core/Src/sysmem.o
 .group         0x0000000000000000        0xc ./Core/Src/sysmem.o
 .group         0x0000000000000000        0xc ./Core/Src/sysmem.o
 .group         0x0000000000000000        0xc ./Core/Src/sysmem.o
 .group         0x0000000000000000        0xc ./Core/Src/sysmem.o
 .group         0x0000000000000000        0xc ./Core/Src/sysmem.o
 .group         0x0000000000000000        0xc ./Core/Src/sysmem.o
 .group         0x0000000000000000        0xc ./Core/Src/sysmem.o
 .text          0x0000000000000000        0x0 ./Core/Src/sysmem.o
 .data          0x0000000000000000        0x0 ./Core/Src/sysmem.o
 .bss           0x0000000000000000        0x0 ./Core/Src/sysmem.o
 .bss.__sbrk_heap_end
                0x0000000000000000        0x4 ./Core/Src/sysmem.o
 .text._sbrk    0x0000000000000000       0x6c ./Core/Src/sysmem.o
 .debug_info    0x0000000000000000      0x171 ./Core/Src/sysmem.o
 .debug_abbrev  0x0000000000000000       0xbb ./Core/Src/sysmem.o
 .debug_aranges
                0x0000000000000000       0x20 ./Core/Src/sysmem.o
 .debug_ranges  0x0000000000000000       0x10 ./Core/Src/sysmem.o
 .debug_macro   0x0000000000000000       0xff ./Core/Src/sysmem.o
 .debug_macro   0x0000000000000000      0xa90 ./Core/Src/sysmem.o
 .debug_macro   0x0000000000000000       0x10 ./Core/Src/sysmem.o
 .debug_macro   0x0000000000000000       0x22 ./Core/Src/sysmem.o
 .debug_macro   0x0000000000000000       0x4c ./Core/Src/sysmem.o
 .debug_macro   0x0000000000000000       0x18 ./Core/Src/sysmem.o
 .debug_macro   0x0000000000000000       0x94 ./Core/Src/sysmem.o
 .debug_macro   0x0000000000000000       0x3c ./Core/Src/sysmem.o
 .debug_macro   0x0000000000000000       0x34 ./Core/Src/sysmem.o
 .debug_macro   0x0000000000000000      0x174 ./Core/Src/sysmem.o
 .debug_macro   0x0000000000000000       0x16 ./Core/Src/sysmem.o
 .debug_macro   0x0000000000000000       0x43 ./Core/Src/sysmem.o
 .debug_macro   0x0000000000000000       0x57 ./Core/Src/sysmem.o
 .debug_macro   0x0000000000000000       0x34 ./Core/Src/sysmem.o
 .debug_macro   0x0000000000000000       0x10 ./Core/Src/sysmem.o
 .debug_macro   0x0000000000000000       0x58 ./Core/Src/sysmem.o
 .debug_macro   0x0000000000000000       0x71 ./Core/Src/sysmem.o
 .debug_macro   0x0000000000000000       0x1c ./Core/Src/sysmem.o
 .debug_macro   0x0000000000000000      0x12a ./Core/Src/sysmem.o
 .debug_macro   0x0000000000000000      0x23b ./Core/Src/sysmem.o
 .debug_macro   0x0000000000000000      0x103 ./Core/Src/sysmem.o
 .debug_macro   0x0000000000000000       0x6a ./Core/Src/sysmem.o
 .debug_macro   0x0000000000000000      0x1df ./Core/Src/sysmem.o
 .debug_line    0x0000000000000000      0x481 ./Core/Src/sysmem.o
 .debug_str     0x0000000000000000     0x5d9e ./Core/Src/sysmem.o
 .comment       0x0000000000000000       0x51 ./Core/Src/sysmem.o
 .debug_frame   0x0000000000000000       0x30 ./Core/Src/sysmem.o
 .ARM.attributes
                0x0000000000000000       0x2c ./Core/Src/sysmem.o
 .group         0x0000000000000000        0xc ./Core/Src/system_stm32c0xx.o
 .group         0x0000000000000000        0xc ./Core/Src/system_stm32c0xx.o
 .group         0x0000000000000000        0xc ./Core/Src/system_stm32c0xx.o
 .group         0x0000000000000000        0xc ./Core/Src/system_stm32c0xx.o
 .group         0x0000000000000000        0xc ./Core/Src/system_stm32c0xx.o
 .group         0x0000000000000000        0xc ./Core/Src/system_stm32c0xx.o
 .group         0x0000000000000000        0xc ./Core/Src/system_stm32c0xx.o
 .group         0x0000000000000000        0xc ./Core/Src/system_stm32c0xx.o
 .group         0x0000000000000000        0xc ./Core/Src/system_stm32c0xx.o
 .group         0x0000000000000000        0xc ./Core/Src/system_stm32c0xx.o
 .group         0x0000000000000000        0xc ./Core/Src/system_stm32c0xx.o
 .group         0x0000000000000000        0xc ./Core/Src/system_stm32c0xx.o
 .group         0x0000000000000000        0xc ./Core/Src/system_stm32c0xx.o
 .group         0x0000000000000000        0xc ./Core/Src/system_stm32c0xx.o
 .group         0x0000000000000000        0xc ./Core/Src/system_stm32c0xx.o
 .group         0x0000000000000000        0xc ./Core/Src/system_stm32c0xx.o
 .text          0x0000000000000000        0x0 ./Core/Src/system_stm32c0xx.o
 .data          0x0000000000000000        0x0 ./Core/Src/system_stm32c0xx.o
 .bss           0x0000000000000000        0x0 ./Core/Src/system_stm32c0xx.o
 .rodata.AHBPrescTable
                0x0000000000000000       0x40 ./Core/Src/system_stm32c0xx.o
 .rodata.APBPrescTable
                0x0000000000000000       0x20 ./Core/Src/system_stm32c0xx.o
 .text.SystemCoreClockUpdate
                0x0000000000000000       0x98 ./Core/Src/system_stm32c0xx.o
 .debug_macro   0x0000000000000000      0xa90 ./Core/Src/system_stm32c0xx.o
 .debug_macro   0x0000000000000000       0x2e ./Core/Src/system_stm32c0xx.o
 .debug_macro   0x0000000000000000       0x28 ./Core/Src/system_stm32c0xx.o
 .debug_macro   0x0000000000000000       0x22 ./Core/Src/system_stm32c0xx.o
 .debug_macro   0x0000000000000000       0x8e ./Core/Src/system_stm32c0xx.o
 .debug_macro   0x0000000000000000       0x51 ./Core/Src/system_stm32c0xx.o
 .debug_macro   0x0000000000000000      0x103 ./Core/Src/system_stm32c0xx.o
 .debug_macro   0x0000000000000000       0x6a ./Core/Src/system_stm32c0xx.o
 .debug_macro   0x0000000000000000      0x1df ./Core/Src/system_stm32c0xx.o
 .debug_macro   0x0000000000000000       0x1c ./Core/Src/system_stm32c0xx.o
 .debug_macro   0x0000000000000000       0x22 ./Core/Src/system_stm32c0xx.o
 .debug_macro   0x0000000000000000       0xd1 ./Core/Src/system_stm32c0xx.o
 .debug_macro   0x0000000000000000      0x4da ./Core/Src/system_stm32c0xx.o
 .debug_macro   0x0000000000000000      0x11f ./Core/Src/system_stm32c0xx.o
 .debug_macro   0x0000000000000000     0x9557 ./Core/Src/system_stm32c0xx.o
 .debug_macro   0x0000000000000000       0x6c ./Core/Src/system_stm32c0xx.o
 .text          0x0000000000000000       0x14 ./Core/Startup/startup_stm32c031c6tx.o
 .data          0x0000000000000000        0x0 ./Core/Startup/startup_stm32c031c6tx.o
 .bss           0x0000000000000000        0x0 ./Core/Startup/startup_stm32c031c6tx.o
 .group         0x0000000000000000        0xc ./Drivers/STM32C0xx_HAL_Driver/Src/stm32c0xx_ll_exti.o
 .group         0x0000000000000000        0xc ./Drivers/STM32C0xx_HAL_Driver/Src/stm32c0xx_ll_exti.o
 .group         0x0000000000000000        0xc ./Drivers/STM32C0xx_HAL_Driver/Src/stm32c0xx_ll_exti.o
 .group         0x0000000000000000        0xc ./Drivers/STM32C0xx_HAL_Driver/Src/stm32c0xx_ll_exti.o
 .group         0x0000000000000000        0xc ./Drivers/STM32C0xx_HAL_Driver/Src/stm32c0xx_ll_exti.o
 .group         0x0000000000000000        0xc ./Drivers/STM32C0xx_HAL_Driver/Src/stm32c0xx_ll_exti.o
 .group         0x0000000000000000        0xc ./Drivers/STM32C0xx_HAL_Driver/Src/stm32c0xx_ll_exti.o
 .group         0x0000000000000000        0xc ./Drivers/STM32C0xx_HAL_Driver/Src/stm32c0xx_ll_exti.o
 .group         0x0000000000000000        0xc ./Drivers/STM32C0xx_HAL_Driver/Src/stm32c0xx_ll_exti.o
 .group         0x0000000000000000        0xc ./Drivers/STM32C0xx_HAL_Driver/Src/stm32c0xx_ll_exti.o
 .group         0x0000000000000000        0xc ./Drivers/STM32C0xx_HAL_Driver/Src/stm32c0xx_ll_exti.o
 .group         0x0000000000000000        0xc ./Drivers/STM32C0xx_HAL_Driver/Src/stm32c0xx_ll_exti.o
 .group         0x0000000000000000        0xc ./Drivers/STM32C0xx_HAL_Driver/Src/stm32c0xx_ll_exti.o
 .group         0x0000000000000000        0xc ./Drivers/STM32C0xx_HAL_Driver/Src/stm32c0xx_ll_exti.o
 .group         0x0000000000000000        0xc ./Drivers/STM32C0xx_HAL_Driver/Src/stm32c0xx_ll_exti.o
 .group         0x0000000000000000        0xc ./Drivers/STM32C0xx_HAL_Driver/Src/stm32c0xx_ll_exti.o
 .group         0x0000000000000000        0xc ./Drivers/STM32C0xx_HAL_Driver/Src/stm32c0xx_ll_exti.o
 .text          0x0000000000000000        0x0 ./Drivers/STM32C0xx_HAL_Driver/Src/stm32c0xx_ll_exti.o
 .data          0x0000000000000000        0x0 ./Drivers/STM32C0xx_HAL_Driver/Src/stm32c0xx_ll_exti.o
 .bss           0x0000000000000000        0x0 ./Drivers/STM32C0xx_HAL_Driver/Src/stm32c0xx_ll_exti.o
 .text.LL_EXTI_EnableIT_0_31
                0x0000000000000000       0x24 ./Drivers/STM32C0xx_HAL_Driver/Src/stm32c0xx_ll_exti.o
 .text.LL_EXTI_DisableIT_0_31
                0x0000000000000000       0x28 ./Drivers/STM32C0xx_HAL_Driver/Src/stm32c0xx_ll_exti.o
 .text.LL_EXTI_EnableEvent_0_31
                0x0000000000000000       0x24 ./Drivers/STM32C0xx_HAL_Driver/Src/stm32c0xx_ll_exti.o
 .text.LL_EXTI_DisableEvent_0_31
                0x0000000000000000       0x28 ./Drivers/STM32C0xx_HAL_Driver/Src/stm32c0xx_ll_exti.o
 .text.LL_EXTI_EnableRisingTrig_0_31
                0x0000000000000000       0x20 ./Drivers/STM32C0xx_HAL_Driver/Src/stm32c0xx_ll_exti.o
 .text.LL_EXTI_DisableRisingTrig_0_31
                0x0000000000000000       0x24 ./Drivers/STM32C0xx_HAL_Driver/Src/stm32c0xx_ll_exti.o
 .text.LL_EXTI_EnableFallingTrig_0_31
                0x0000000000000000       0x20 ./Drivers/STM32C0xx_HAL_Driver/Src/stm32c0xx_ll_exti.o
 .text.LL_EXTI_DisableFallingTrig_0_31
                0x0000000000000000       0x24 ./Drivers/STM32C0xx_HAL_Driver/Src/stm32c0xx_ll_exti.o
 .text.LL_EXTI_DeInit
                0x0000000000000000       0x48 ./Drivers/STM32C0xx_HAL_Driver/Src/stm32c0xx_ll_exti.o
 .text.LL_EXTI_Init
                0x0000000000000000      0x112 ./Drivers/STM32C0xx_HAL_Driver/Src/stm32c0xx_ll_exti.o
 .text.LL_EXTI_StructInit
                0x0000000000000000       0x28 ./Drivers/STM32C0xx_HAL_Driver/Src/stm32c0xx_ll_exti.o
 .debug_info    0x0000000000000000      0x3fb ./Drivers/STM32C0xx_HAL_Driver/Src/stm32c0xx_ll_exti.o
 .debug_abbrev  0x0000000000000000      0x155 ./Drivers/STM32C0xx_HAL_Driver/Src/stm32c0xx_ll_exti.o
 .debug_aranges
                0x0000000000000000       0x70 ./Drivers/STM32C0xx_HAL_Driver/Src/stm32c0xx_ll_exti.o
 .debug_ranges  0x0000000000000000       0x60 ./Drivers/STM32C0xx_HAL_Driver/Src/stm32c0xx_ll_exti.o
 .debug_macro   0x0000000000000000       0xea ./Drivers/STM32C0xx_HAL_Driver/Src/stm32c0xx_ll_exti.o
 .debug_macro   0x0000000000000000      0xa90 ./Drivers/STM32C0xx_HAL_Driver/Src/stm32c0xx_ll_exti.o
 .debug_macro   0x0000000000000000       0x2e ./Drivers/STM32C0xx_HAL_Driver/Src/stm32c0xx_ll_exti.o
 .debug_macro   0x0000000000000000       0x28 ./Drivers/STM32C0xx_HAL_Driver/Src/stm32c0xx_ll_exti.o
 .debug_macro   0x0000000000000000       0x22 ./Drivers/STM32C0xx_HAL_Driver/Src/stm32c0xx_ll_exti.o
 .debug_macro   0x0000000000000000       0x8e ./Drivers/STM32C0xx_HAL_Driver/Src/stm32c0xx_ll_exti.o
 .debug_macro   0x0000000000000000       0x51 ./Drivers/STM32C0xx_HAL_Driver/Src/stm32c0xx_ll_exti.o
 .debug_macro   0x0000000000000000      0x103 ./Drivers/STM32C0xx_HAL_Driver/Src/stm32c0xx_ll_exti.o
 .debug_macro   0x0000000000000000       0x6a ./Drivers/STM32C0xx_HAL_Driver/Src/stm32c0xx_ll_exti.o
 .debug_macro   0x0000000000000000      0x1df ./Drivers/STM32C0xx_HAL_Driver/Src/stm32c0xx_ll_exti.o
 .debug_macro   0x0000000000000000       0x1c ./Drivers/STM32C0xx_HAL_Driver/Src/stm32c0xx_ll_exti.o
 .debug_macro   0x0000000000000000       0x22 ./Drivers/STM32C0xx_HAL_Driver/Src/stm32c0xx_ll_exti.o
 .debug_macro   0x0000000000000000       0xd1 ./Drivers/STM32C0xx_HAL_Driver/Src/stm32c0xx_ll_exti.o
 .debug_macro   0x0000000000000000      0x4da ./Drivers/STM32C0xx_HAL_Driver/Src/stm32c0xx_ll_exti.o
 .debug_macro   0x0000000000000000      0x11f ./Drivers/STM32C0xx_HAL_Driver/Src/stm32c0xx_ll_exti.o
 .debug_macro   0x0000000000000000     0x9557 ./Drivers/STM32C0xx_HAL_Driver/Src/stm32c0xx_ll_exti.o
 .debug_macro   0x0000000000000000       0x6c ./Drivers/STM32C0xx_HAL_Driver/Src/stm32c0xx_ll_exti.o
 .debug_macro   0x0000000000000000      0x15b ./Drivers/STM32C0xx_HAL_Driver/Src/stm32c0xx_ll_exti.o
 .debug_line    0x0000000000000000      0x5b0 ./Drivers/STM32C0xx_HAL_Driver/Src/stm32c0xx_ll_exti.o
 .debug_str     0x0000000000000000    0x3d443 ./Drivers/STM32C0xx_HAL_Driver/Src/stm32c0xx_ll_exti.o
 .comment       0x0000000000000000       0x51 ./Drivers/STM32C0xx_HAL_Driver/Src/stm32c0xx_ll_exti.o
 .debug_frame   0x0000000000000000      0x16c ./Drivers/STM32C0xx_HAL_Driver/Src/stm32c0xx_ll_exti.o
 .ARM.attributes
                0x0000000000000000       0x2c ./Drivers/STM32C0xx_HAL_Driver/Src/stm32c0xx_ll_exti.o
 .group         0x0000000000000000        0xc ./Drivers/STM32C0xx_HAL_Driver/Src/stm32c0xx_ll_gpio.o
 .group         0x0000000000000000        0xc ./Drivers/STM32C0xx_HAL_Driver/Src/stm32c0xx_ll_gpio.o
 .group         0x0000000000000000        0xc ./Drivers/STM32C0xx_HAL_Driver/Src/stm32c0xx_ll_gpio.o
 .group         0x0000000000000000        0xc ./Drivers/STM32C0xx_HAL_Driver/Src/stm32c0xx_ll_gpio.o
 .group         0x0000000000000000        0xc ./Drivers/STM32C0xx_HAL_Driver/Src/stm32c0xx_ll_gpio.o
 .group         0x0000000000000000        0xc ./Drivers/STM32C0xx_HAL_Driver/Src/stm32c0xx_ll_gpio.o
 .group         0x0000000000000000        0xc ./Drivers/STM32C0xx_HAL_Driver/Src/stm32c0xx_ll_gpio.o
 .group         0x0000000000000000        0xc ./Drivers/STM32C0xx_HAL_Driver/Src/stm32c0xx_ll_gpio.o
 .group         0x0000000000000000        0xc ./Drivers/STM32C0xx_HAL_Driver/Src/stm32c0xx_ll_gpio.o
 .group         0x0000000000000000        0xc ./Drivers/STM32C0xx_HAL_Driver/Src/stm32c0xx_ll_gpio.o
 .group         0x0000000000000000        0xc ./Drivers/STM32C0xx_HAL_Driver/Src/stm32c0xx_ll_gpio.o
 .group         0x0000000000000000        0xc ./Drivers/STM32C0xx_HAL_Driver/Src/stm32c0xx_ll_gpio.o
 .group         0x0000000000000000        0xc ./Drivers/STM32C0xx_HAL_Driver/Src/stm32c0xx_ll_gpio.o
 .group         0x0000000000000000        0xc ./Drivers/STM32C0xx_HAL_Driver/Src/stm32c0xx_ll_gpio.o
 .group         0x0000000000000000        0xc ./Drivers/STM32C0xx_HAL_Driver/Src/stm32c0xx_ll_gpio.o
 .group         0x0000000000000000        0xc ./Drivers/STM32C0xx_HAL_Driver/Src/stm32c0xx_ll_gpio.o
 .group         0x0000000000000000        0xc ./Drivers/STM32C0xx_HAL_Driver/Src/stm32c0xx_ll_gpio.o
 .group         0x0000000000000000        0xc ./Drivers/STM32C0xx_HAL_Driver/Src/stm32c0xx_ll_gpio.o
 .text          0x0000000000000000        0x0 ./Drivers/STM32C0xx_HAL_Driver/Src/stm32c0xx_ll_gpio.o
 .data          0x0000000000000000        0x0 ./Drivers/STM32C0xx_HAL_Driver/Src/stm32c0xx_ll_gpio.o
 .bss           0x0000000000000000        0x0 ./Drivers/STM32C0xx_HAL_Driver/Src/stm32c0xx_ll_gpio.o
 .text.LL_IOP_GRP1_ForceReset
                0x0000000000000000       0x20 ./Drivers/STM32C0xx_HAL_Driver/Src/stm32c0xx_ll_gpio.o
 .text.LL_IOP_GRP1_ReleaseReset
                0x0000000000000000       0x24 ./Drivers/STM32C0xx_HAL_Driver/Src/stm32c0xx_ll_gpio.o
 .text.LL_GPIO_DeInit
                0x0000000000000000       0xa8 ./Drivers/STM32C0xx_HAL_Driver/Src/stm32c0xx_ll_gpio.o
 .text.LL_GPIO_StructInit
                0x0000000000000000       0x38 ./Drivers/STM32C0xx_HAL_Driver/Src/stm32c0xx_ll_gpio.o
 .debug_macro   0x0000000000000000      0xa90 ./Drivers/STM32C0xx_HAL_Driver/Src/stm32c0xx_ll_gpio.o
 .debug_macro   0x0000000000000000       0x2e ./Drivers/STM32C0xx_HAL_Driver/Src/stm32c0xx_ll_gpio.o
 .debug_macro   0x0000000000000000       0x28 ./Drivers/STM32C0xx_HAL_Driver/Src/stm32c0xx_ll_gpio.o
 .debug_macro   0x0000000000000000       0x22 ./Drivers/STM32C0xx_HAL_Driver/Src/stm32c0xx_ll_gpio.o
 .debug_macro   0x0000000000000000       0x8e ./Drivers/STM32C0xx_HAL_Driver/Src/stm32c0xx_ll_gpio.o
 .debug_macro   0x0000000000000000       0x51 ./Drivers/STM32C0xx_HAL_Driver/Src/stm32c0xx_ll_gpio.o
 .debug_macro   0x0000000000000000      0x103 ./Drivers/STM32C0xx_HAL_Driver/Src/stm32c0xx_ll_gpio.o
 .debug_macro   0x0000000000000000       0x6a ./Drivers/STM32C0xx_HAL_Driver/Src/stm32c0xx_ll_gpio.o
 .debug_macro   0x0000000000000000      0x1df ./Drivers/STM32C0xx_HAL_Driver/Src/stm32c0xx_ll_gpio.o
 .debug_macro   0x0000000000000000       0x1c ./Drivers/STM32C0xx_HAL_Driver/Src/stm32c0xx_ll_gpio.o
 .debug_macro   0x0000000000000000       0x22 ./Drivers/STM32C0xx_HAL_Driver/Src/stm32c0xx_ll_gpio.o
 .debug_macro   0x0000000000000000       0xd1 ./Drivers/STM32C0xx_HAL_Driver/Src/stm32c0xx_ll_gpio.o
 .debug_macro   0x0000000000000000      0x4da ./Drivers/STM32C0xx_HAL_Driver/Src/stm32c0xx_ll_gpio.o
 .debug_macro   0x0000000000000000      0x11f ./Drivers/STM32C0xx_HAL_Driver/Src/stm32c0xx_ll_gpio.o
 .debug_macro   0x0000000000000000     0x9557 ./Drivers/STM32C0xx_HAL_Driver/Src/stm32c0xx_ll_gpio.o
 .debug_macro   0x0000000000000000       0x6c ./Drivers/STM32C0xx_HAL_Driver/Src/stm32c0xx_ll_gpio.o
 .debug_macro   0x0000000000000000       0xb2 ./Drivers/STM32C0xx_HAL_Driver/Src/stm32c0xx_ll_gpio.o
 .group         0x0000000000000000        0xc ./Drivers/STM32C0xx_HAL_Driver/Src/stm32c0xx_ll_pwr.o
 .group         0x0000000000000000        0xc ./Drivers/STM32C0xx_HAL_Driver/Src/stm32c0xx_ll_pwr.o
 .group         0x0000000000000000        0xc ./Drivers/STM32C0xx_HAL_Driver/Src/stm32c0xx_ll_pwr.o
 .group         0x0000000000000000        0xc ./Drivers/STM32C0xx_HAL_Driver/Src/stm32c0xx_ll_pwr.o
 .group         0x0000000000000000        0xc ./Drivers/STM32C0xx_HAL_Driver/Src/stm32c0xx_ll_pwr.o
 .group         0x0000000000000000        0xc ./Drivers/STM32C0xx_HAL_Driver/Src/stm32c0xx_ll_pwr.o
 .group         0x0000000000000000        0xc ./Drivers/STM32C0xx_HAL_Driver/Src/stm32c0xx_ll_pwr.o
 .group         0x0000000000000000        0xc ./Drivers/STM32C0xx_HAL_Driver/Src/stm32c0xx_ll_pwr.o
 .group         0x0000000000000000        0xc ./Drivers/STM32C0xx_HAL_Driver/Src/stm32c0xx_ll_pwr.o
 .group         0x0000000000000000        0xc ./Drivers/STM32C0xx_HAL_Driver/Src/stm32c0xx_ll_pwr.o
 .group         0x0000000000000000        0xc ./Drivers/STM32C0xx_HAL_Driver/Src/stm32c0xx_ll_pwr.o
 .group         0x0000000000000000        0xc ./Drivers/STM32C0xx_HAL_Driver/Src/stm32c0xx_ll_pwr.o
 .group         0x0000000000000000        0xc ./Drivers/STM32C0xx_HAL_Driver/Src/stm32c0xx_ll_pwr.o
 .group         0x0000000000000000        0xc ./Drivers/STM32C0xx_HAL_Driver/Src/stm32c0xx_ll_pwr.o
 .group         0x0000000000000000        0xc ./Drivers/STM32C0xx_HAL_Driver/Src/stm32c0xx_ll_pwr.o
 .group         0x0000000000000000        0xc ./Drivers/STM32C0xx_HAL_Driver/Src/stm32c0xx_ll_pwr.o
 .group         0x0000000000000000        0xc ./Drivers/STM32C0xx_HAL_Driver/Src/stm32c0xx_ll_pwr.o
 .group         0x0000000000000000        0xc ./Drivers/STM32C0xx_HAL_Driver/Src/stm32c0xx_ll_pwr.o
 .text          0x0000000000000000        0x0 ./Drivers/STM32C0xx_HAL_Driver/Src/stm32c0xx_ll_pwr.o
 .data          0x0000000000000000        0x0 ./Drivers/STM32C0xx_HAL_Driver/Src/stm32c0xx_ll_pwr.o
 .bss           0x0000000000000000        0x0 ./Drivers/STM32C0xx_HAL_Driver/Src/stm32c0xx_ll_pwr.o
 .text.LL_APB1_GRP1_ForceReset
                0x0000000000000000       0x20 ./Drivers/STM32C0xx_HAL_Driver/Src/stm32c0xx_ll_pwr.o
 .text.LL_APB1_GRP1_ReleaseReset
                0x0000000000000000       0x24 ./Drivers/STM32C0xx_HAL_Driver/Src/stm32c0xx_ll_pwr.o
 .text.LL_PWR_DeInit
                0x0000000000000000       0x20 ./Drivers/STM32C0xx_HAL_Driver/Src/stm32c0xx_ll_pwr.o
 .debug_info    0x0000000000000000      0x27f ./Drivers/STM32C0xx_HAL_Driver/Src/stm32c0xx_ll_pwr.o
 .debug_abbrev  0x0000000000000000      0x110 ./Drivers/STM32C0xx_HAL_Driver/Src/stm32c0xx_ll_pwr.o
 .debug_aranges
                0x0000000000000000       0x30 ./Drivers/STM32C0xx_HAL_Driver/Src/stm32c0xx_ll_pwr.o
 .debug_ranges  0x0000000000000000       0x20 ./Drivers/STM32C0xx_HAL_Driver/Src/stm32c0xx_ll_pwr.o
 .debug_macro   0x0000000000000000       0xdb ./Drivers/STM32C0xx_HAL_Driver/Src/stm32c0xx_ll_pwr.o
 .debug_macro   0x0000000000000000      0xa90 ./Drivers/STM32C0xx_HAL_Driver/Src/stm32c0xx_ll_pwr.o
 .debug_macro   0x0000000000000000       0x2e ./Drivers/STM32C0xx_HAL_Driver/Src/stm32c0xx_ll_pwr.o
 .debug_macro   0x0000000000000000       0x28 ./Drivers/STM32C0xx_HAL_Driver/Src/stm32c0xx_ll_pwr.o
 .debug_macro   0x0000000000000000       0x22 ./Drivers/STM32C0xx_HAL_Driver/Src/stm32c0xx_ll_pwr.o
 .debug_macro   0x0000000000000000       0x8e ./Drivers/STM32C0xx_HAL_Driver/Src/stm32c0xx_ll_pwr.o
 .debug_macro   0x0000000000000000       0x51 ./Drivers/STM32C0xx_HAL_Driver/Src/stm32c0xx_ll_pwr.o
 .debug_macro   0x0000000000000000      0x103 ./Drivers/STM32C0xx_HAL_Driver/Src/stm32c0xx_ll_pwr.o
 .debug_macro   0x0000000000000000       0x6a ./Drivers/STM32C0xx_HAL_Driver/Src/stm32c0xx_ll_pwr.o
 .debug_macro   0x0000000000000000      0x1df ./Drivers/STM32C0xx_HAL_Driver/Src/stm32c0xx_ll_pwr.o
 .debug_macro   0x0000000000000000       0x1c ./Drivers/STM32C0xx_HAL_Driver/Src/stm32c0xx_ll_pwr.o
 .debug_macro   0x0000000000000000       0x22 ./Drivers/STM32C0xx_HAL_Driver/Src/stm32c0xx_ll_pwr.o
 .debug_macro   0x0000000000000000       0xd1 ./Drivers/STM32C0xx_HAL_Driver/Src/stm32c0xx_ll_pwr.o
 .debug_macro   0x0000000000000000      0x4da ./Drivers/STM32C0xx_HAL_Driver/Src/stm32c0xx_ll_pwr.o
 .debug_macro   0x0000000000000000      0x11f ./Drivers/STM32C0xx_HAL_Driver/Src/stm32c0xx_ll_pwr.o
 .debug_macro   0x0000000000000000     0x9557 ./Drivers/STM32C0xx_HAL_Driver/Src/stm32c0xx_ll_pwr.o
 .debug_macro   0x0000000000000000       0x6c ./Drivers/STM32C0xx_HAL_Driver/Src/stm32c0xx_ll_pwr.o
 .debug_macro   0x0000000000000000      0x144 ./Drivers/STM32C0xx_HAL_Driver/Src/stm32c0xx_ll_pwr.o
 .debug_macro   0x0000000000000000       0xb2 ./Drivers/STM32C0xx_HAL_Driver/Src/stm32c0xx_ll_pwr.o
 .debug_line    0x0000000000000000      0x4a7 ./Drivers/STM32C0xx_HAL_Driver/Src/stm32c0xx_ll_pwr.o
 .debug_str     0x0000000000000000    0x3d332 ./Drivers/STM32C0xx_HAL_Driver/Src/stm32c0xx_ll_pwr.o
 .comment       0x0000000000000000       0x51 ./Drivers/STM32C0xx_HAL_Driver/Src/stm32c0xx_ll_pwr.o
 .debug_frame   0x0000000000000000       0x6c ./Drivers/STM32C0xx_HAL_Driver/Src/stm32c0xx_ll_pwr.o
 .ARM.attributes
                0x0000000000000000       0x2c ./Drivers/STM32C0xx_HAL_Driver/Src/stm32c0xx_ll_pwr.o
 .group         0x0000000000000000        0xc ./Drivers/STM32C0xx_HAL_Driver/Src/stm32c0xx_ll_rcc.o
 .group         0x0000000000000000        0xc ./Drivers/STM32C0xx_HAL_Driver/Src/stm32c0xx_ll_rcc.o
 .group         0x0000000000000000        0xc ./Drivers/STM32C0xx_HAL_Driver/Src/stm32c0xx_ll_rcc.o
 .group         0x0000000000000000        0xc ./Drivers/STM32C0xx_HAL_Driver/Src/stm32c0xx_ll_rcc.o
 .group         0x0000000000000000        0xc ./Drivers/STM32C0xx_HAL_Driver/Src/stm32c0xx_ll_rcc.o
 .group         0x0000000000000000        0xc ./Drivers/STM32C0xx_HAL_Driver/Src/stm32c0xx_ll_rcc.o
 .group         0x0000000000000000        0xc ./Drivers/STM32C0xx_HAL_Driver/Src/stm32c0xx_ll_rcc.o
 .group         0x0000000000000000        0xc ./Drivers/STM32C0xx_HAL_Driver/Src/stm32c0xx_ll_rcc.o
 .group         0x0000000000000000        0xc ./Drivers/STM32C0xx_HAL_Driver/Src/stm32c0xx_ll_rcc.o
 .group         0x0000000000000000        0xc ./Drivers/STM32C0xx_HAL_Driver/Src/stm32c0xx_ll_rcc.o
 .group         0x0000000000000000        0xc ./Drivers/STM32C0xx_HAL_Driver/Src/stm32c0xx_ll_rcc.o
 .group         0x0000000000000000        0xc ./Drivers/STM32C0xx_HAL_Driver/Src/stm32c0xx_ll_rcc.o
 .group         0x0000000000000000        0xc ./Drivers/STM32C0xx_HAL_Driver/Src/stm32c0xx_ll_rcc.o
 .group         0x0000000000000000        0xc ./Drivers/STM32C0xx_HAL_Driver/Src/stm32c0xx_ll_rcc.o
 .group         0x0000000000000000        0xc ./Drivers/STM32C0xx_HAL_Driver/Src/stm32c0xx_ll_rcc.o
 .group         0x0000000000000000        0xc ./Drivers/STM32C0xx_HAL_Driver/Src/stm32c0xx_ll_rcc.o
 .group         0x0000000000000000        0xc ./Drivers/STM32C0xx_HAL_Driver/Src/stm32c0xx_ll_rcc.o
 .text          0x0000000000000000        0x0 ./Drivers/STM32C0xx_HAL_Driver/Src/stm32c0xx_ll_rcc.o
 .data          0x0000000000000000        0x0 ./Drivers/STM32C0xx_HAL_Driver/Src/stm32c0xx_ll_rcc.o
 .bss           0x0000000000000000        0x0 ./Drivers/STM32C0xx_HAL_Driver/Src/stm32c0xx_ll_rcc.o
 .text.LL_RCC_HSE_IsReady
                0x0000000000000000       0x28 ./Drivers/STM32C0xx_HAL_Driver/Src/stm32c0xx_ll_rcc.o
 .text.LL_RCC_HSIKER_GetDivider
                0x0000000000000000       0x18 ./Drivers/STM32C0xx_HAL_Driver/Src/stm32c0xx_ll_rcc.o
 .text.LL_RCC_HSI_Enable
                0x0000000000000000       0x1c ./Drivers/STM32C0xx_HAL_Driver/Src/stm32c0xx_ll_rcc.o
 .text.LL_RCC_HSI_IsReady
                0x0000000000000000       0x28 ./Drivers/STM32C0xx_HAL_Driver/Src/stm32c0xx_ll_rcc.o
 .text.LL_RCC_HSI_SetCalibTrimming
                0x0000000000000000       0x2c ./Drivers/STM32C0xx_HAL_Driver/Src/stm32c0xx_ll_rcc.o
 .text.LL_RCC_LSE_IsReady
                0x0000000000000000       0x20 ./Drivers/STM32C0xx_HAL_Driver/Src/stm32c0xx_ll_rcc.o
 .text.LL_RCC_LSI_IsReady
                0x0000000000000000       0x20 ./Drivers/STM32C0xx_HAL_Driver/Src/stm32c0xx_ll_rcc.o
 .text.LL_RCC_GetSysClkSource
                0x0000000000000000       0x18 ./Drivers/STM32C0xx_HAL_Driver/Src/stm32c0xx_ll_rcc.o
 .text.LL_RCC_GetAHBPrescaler
                0x0000000000000000       0x18 ./Drivers/STM32C0xx_HAL_Driver/Src/stm32c0xx_ll_rcc.o
 .text.LL_RCC_GetAPB1Prescaler
                0x0000000000000000       0x18 ./Drivers/STM32C0xx_HAL_Driver/Src/stm32c0xx_ll_rcc.o
 .text.LL_RCC_GetUSARTClockSource
                0x0000000000000000       0x24 ./Drivers/STM32C0xx_HAL_Driver/Src/stm32c0xx_ll_rcc.o
 .text.LL_RCC_GetI2CClockSource
                0x0000000000000000       0x1c ./Drivers/STM32C0xx_HAL_Driver/Src/stm32c0xx_ll_rcc.o
 .text.LL_RCC_GetADCClockSource
                0x0000000000000000       0x1c ./Drivers/STM32C0xx_HAL_Driver/Src/stm32c0xx_ll_rcc.o
 .text.LL_RCC_GetI2SClockSource
                0x0000000000000000       0x1c ./Drivers/STM32C0xx_HAL_Driver/Src/stm32c0xx_ll_rcc.o
 .text.LL_RCC_GetRTCClockSource
                0x0000000000000000       0x18 ./Drivers/STM32C0xx_HAL_Driver/Src/stm32c0xx_ll_rcc.o
 .text.LL_RCC_DeInit
                0x0000000000000000       0x54 ./Drivers/STM32C0xx_HAL_Driver/Src/stm32c0xx_ll_rcc.o
 .text.LL_RCC_GetSystemClocksFreq
                0x0000000000000000       0x3a ./Drivers/STM32C0xx_HAL_Driver/Src/stm32c0xx_ll_rcc.o
 .text.LL_RCC_GetUSARTClockFreq
                0x0000000000000000       0xb0 ./Drivers/STM32C0xx_HAL_Driver/Src/stm32c0xx_ll_rcc.o
 .text.LL_RCC_GetI2CClockFreq
                0x0000000000000000       0x88 ./Drivers/STM32C0xx_HAL_Driver/Src/stm32c0xx_ll_rcc.o
 .text.LL_RCC_GetI2SClockFreq
                0x0000000000000000       0x70 ./Drivers/STM32C0xx_HAL_Driver/Src/stm32c0xx_ll_rcc.o
 .text.LL_RCC_GetADCClockFreq
                0x0000000000000000       0x5c ./Drivers/STM32C0xx_HAL_Driver/Src/stm32c0xx_ll_rcc.o
 .text.LL_RCC_GetRTCClockFreq
                0x0000000000000000       0x78 ./Drivers/STM32C0xx_HAL_Driver/Src/stm32c0xx_ll_rcc.o
 .text.RCC_GetSystemClockFreq
                0x0000000000000000       0x4c ./Drivers/STM32C0xx_HAL_Driver/Src/stm32c0xx_ll_rcc.o
 .text.RCC_GetHCLKClockFreq
                0x0000000000000000       0x30 ./Drivers/STM32C0xx_HAL_Driver/Src/stm32c0xx_ll_rcc.o
 .text.RCC_GetPCLK1ClockFreq
                0x0000000000000000       0x2c ./Drivers/STM32C0xx_HAL_Driver/Src/stm32c0xx_ll_rcc.o
 .debug_info    0x0000000000000000      0x647 ./Drivers/STM32C0xx_HAL_Driver/Src/stm32c0xx_ll_rcc.o
 .debug_abbrev  0x0000000000000000      0x214 ./Drivers/STM32C0xx_HAL_Driver/Src/stm32c0xx_ll_rcc.o
 .debug_aranges
                0x0000000000000000       0xe0 ./Drivers/STM32C0xx_HAL_Driver/Src/stm32c0xx_ll_rcc.o
 .debug_ranges  0x0000000000000000       0xd0 ./Drivers/STM32C0xx_HAL_Driver/Src/stm32c0xx_ll_rcc.o
 .debug_macro   0x0000000000000000       0xf0 ./Drivers/STM32C0xx_HAL_Driver/Src/stm32c0xx_ll_rcc.o
 .debug_macro   0x0000000000000000      0xa90 ./Drivers/STM32C0xx_HAL_Driver/Src/stm32c0xx_ll_rcc.o
 .debug_macro   0x0000000000000000       0x2e ./Drivers/STM32C0xx_HAL_Driver/Src/stm32c0xx_ll_rcc.o
 .debug_macro   0x0000000000000000       0x28 ./Drivers/STM32C0xx_HAL_Driver/Src/stm32c0xx_ll_rcc.o
 .debug_macro   0x0000000000000000       0x22 ./Drivers/STM32C0xx_HAL_Driver/Src/stm32c0xx_ll_rcc.o
 .debug_macro   0x0000000000000000       0x8e ./Drivers/STM32C0xx_HAL_Driver/Src/stm32c0xx_ll_rcc.o
 .debug_macro   0x0000000000000000       0x51 ./Drivers/STM32C0xx_HAL_Driver/Src/stm32c0xx_ll_rcc.o
 .debug_macro   0x0000000000000000      0x103 ./Drivers/STM32C0xx_HAL_Driver/Src/stm32c0xx_ll_rcc.o
 .debug_macro   0x0000000000000000       0x6a ./Drivers/STM32C0xx_HAL_Driver/Src/stm32c0xx_ll_rcc.o
 .debug_macro   0x0000000000000000      0x1df ./Drivers/STM32C0xx_HAL_Driver/Src/stm32c0xx_ll_rcc.o
 .debug_macro   0x0000000000000000       0x1c ./Drivers/STM32C0xx_HAL_Driver/Src/stm32c0xx_ll_rcc.o
 .debug_macro   0x0000000000000000       0x22 ./Drivers/STM32C0xx_HAL_Driver/Src/stm32c0xx_ll_rcc.o
 .debug_macro   0x0000000000000000       0xd1 ./Drivers/STM32C0xx_HAL_Driver/Src/stm32c0xx_ll_rcc.o
 .debug_macro   0x0000000000000000      0x4da ./Drivers/STM32C0xx_HAL_Driver/Src/stm32c0xx_ll_rcc.o
 .debug_macro   0x0000000000000000      0x11f ./Drivers/STM32C0xx_HAL_Driver/Src/stm32c0xx_ll_rcc.o
 .debug_macro   0x0000000000000000     0x9557 ./Drivers/STM32C0xx_HAL_Driver/Src/stm32c0xx_ll_rcc.o
 .debug_macro   0x0000000000000000       0x6c ./Drivers/STM32C0xx_HAL_Driver/Src/stm32c0xx_ll_rcc.o
 .debug_macro   0x0000000000000000      0x361 ./Drivers/STM32C0xx_HAL_Driver/Src/stm32c0xx_ll_rcc.o
 .debug_line    0x0000000000000000      0x861 ./Drivers/STM32C0xx_HAL_Driver/Src/stm32c0xx_ll_rcc.o
 .debug_str     0x0000000000000000    0x3e43e ./Drivers/STM32C0xx_HAL_Driver/Src/stm32c0xx_ll_rcc.o
 .comment       0x0000000000000000       0x51 ./Drivers/STM32C0xx_HAL_Driver/Src/stm32c0xx_ll_rcc.o
 .debug_frame   0x0000000000000000      0x304 ./Drivers/STM32C0xx_HAL_Driver/Src/stm32c0xx_ll_rcc.o
 .ARM.attributes
                0x0000000000000000       0x2c ./Drivers/STM32C0xx_HAL_Driver/Src/stm32c0xx_ll_rcc.o
 .group         0x0000000000000000        0xc ./Drivers/STM32C0xx_HAL_Driver/Src/stm32c0xx_ll_utils.o
 .group         0x0000000000000000        0xc ./Drivers/STM32C0xx_HAL_Driver/Src/stm32c0xx_ll_utils.o
 .group         0x0000000000000000        0xc ./Drivers/STM32C0xx_HAL_Driver/Src/stm32c0xx_ll_utils.o
 .group         0x0000000000000000        0xc ./Drivers/STM32C0xx_HAL_Driver/Src/stm32c0xx_ll_utils.o
 .group         0x0000000000000000        0xc ./Drivers/STM32C0xx_HAL_Driver/Src/stm32c0xx_ll_utils.o
 .group         0x0000000000000000        0xc ./Drivers/STM32C0xx_HAL_Driver/Src/stm32c0xx_ll_utils.o
 .group         0x0000000000000000        0xc ./Drivers/STM32C0xx_HAL_Driver/Src/stm32c0xx_ll_utils.o
 .group         0x0000000000000000        0xc ./Drivers/STM32C0xx_HAL_Driver/Src/stm32c0xx_ll_utils.o
 .group         0x0000000000000000        0xc ./Drivers/STM32C0xx_HAL_Driver/Src/stm32c0xx_ll_utils.o
 .group         0x0000000000000000        0xc ./Drivers/STM32C0xx_HAL_Driver/Src/stm32c0xx_ll_utils.o
 .group         0x0000000000000000        0xc ./Drivers/STM32C0xx_HAL_Driver/Src/stm32c0xx_ll_utils.o
 .group         0x0000000000000000        0xc ./Drivers/STM32C0xx_HAL_Driver/Src/stm32c0xx_ll_utils.o
 .group         0x0000000000000000        0xc ./Drivers/STM32C0xx_HAL_Driver/Src/stm32c0xx_ll_utils.o
 .group         0x0000000000000000        0xc ./Drivers/STM32C0xx_HAL_Driver/Src/stm32c0xx_ll_utils.o
 .group         0x0000000000000000        0xc ./Drivers/STM32C0xx_HAL_Driver/Src/stm32c0xx_ll_utils.o
 .group         0x0000000000000000        0xc ./Drivers/STM32C0xx_HAL_Driver/Src/stm32c0xx_ll_utils.o
 .group         0x0000000000000000        0xc ./Drivers/STM32C0xx_HAL_Driver/Src/stm32c0xx_ll_utils.o
 .group         0x0000000000000000        0xc ./Drivers/STM32C0xx_HAL_Driver/Src/stm32c0xx_ll_utils.o
 .group         0x0000000000000000        0xc ./Drivers/STM32C0xx_HAL_Driver/Src/stm32c0xx_ll_utils.o
 .group         0x0000000000000000        0xc ./Drivers/STM32C0xx_HAL_Driver/Src/stm32c0xx_ll_utils.o
 .text          0x0000000000000000        0x0 ./Drivers/STM32C0xx_HAL_Driver/Src/stm32c0xx_ll_utils.o
 .data          0x0000000000000000        0x0 ./Drivers/STM32C0xx_HAL_Driver/Src/stm32c0xx_ll_utils.o
 .bss           0x0000000000000000        0x0 ./Drivers/STM32C0xx_HAL_Driver/Src/stm32c0xx_ll_utils.o
 .text.LL_FLASH_SetLatency
                0x0000000000000000       0x28 ./Drivers/STM32C0xx_HAL_Driver/Src/stm32c0xx_ll_utils.o
 .text.LL_FLASH_GetLatency
                0x0000000000000000       0x18 ./Drivers/STM32C0xx_HAL_Driver/Src/stm32c0xx_ll_utils.o
 .text.UTILS_SetFlashLatency
                0x0000000000000000       0x5c ./Drivers/STM32C0xx_HAL_Driver/Src/stm32c0xx_ll_utils.o
 .debug_macro   0x0000000000000000      0xa90 ./Drivers/STM32C0xx_HAL_Driver/Src/stm32c0xx_ll_utils.o
 .debug_macro   0x0000000000000000       0x2e ./Drivers/STM32C0xx_HAL_Driver/Src/stm32c0xx_ll_utils.o
 .debug_macro   0x0000000000000000       0x28 ./Drivers/STM32C0xx_HAL_Driver/Src/stm32c0xx_ll_utils.o
 .debug_macro   0x0000000000000000       0x22 ./Drivers/STM32C0xx_HAL_Driver/Src/stm32c0xx_ll_utils.o
 .debug_macro   0x0000000000000000       0x8e ./Drivers/STM32C0xx_HAL_Driver/Src/stm32c0xx_ll_utils.o
 .debug_macro   0x0000000000000000       0x51 ./Drivers/STM32C0xx_HAL_Driver/Src/stm32c0xx_ll_utils.o
 .debug_macro   0x0000000000000000      0x103 ./Drivers/STM32C0xx_HAL_Driver/Src/stm32c0xx_ll_utils.o
 .debug_macro   0x0000000000000000       0x6a ./Drivers/STM32C0xx_HAL_Driver/Src/stm32c0xx_ll_utils.o
 .debug_macro   0x0000000000000000      0x1df ./Drivers/STM32C0xx_HAL_Driver/Src/stm32c0xx_ll_utils.o
 .debug_macro   0x0000000000000000       0x1c ./Drivers/STM32C0xx_HAL_Driver/Src/stm32c0xx_ll_utils.o
 .debug_macro   0x0000000000000000       0x22 ./Drivers/STM32C0xx_HAL_Driver/Src/stm32c0xx_ll_utils.o
 .debug_macro   0x0000000000000000       0xd1 ./Drivers/STM32C0xx_HAL_Driver/Src/stm32c0xx_ll_utils.o
 .debug_macro   0x0000000000000000      0x4da ./Drivers/STM32C0xx_HAL_Driver/Src/stm32c0xx_ll_utils.o
 .debug_macro   0x0000000000000000      0x11f ./Drivers/STM32C0xx_HAL_Driver/Src/stm32c0xx_ll_utils.o
 .debug_macro   0x0000000000000000     0x9557 ./Drivers/STM32C0xx_HAL_Driver/Src/stm32c0xx_ll_utils.o
 .debug_macro   0x0000000000000000       0x6c ./Drivers/STM32C0xx_HAL_Driver/Src/stm32c0xx_ll_utils.o
 .debug_macro   0x0000000000000000      0x125 ./Drivers/STM32C0xx_HAL_Driver/Src/stm32c0xx_ll_utils.o
 .debug_macro   0x0000000000000000      0x14a ./Drivers/STM32C0xx_HAL_Driver/Src/stm32c0xx_ll_utils.o
 .text          0x0000000000000000        0x0 c:/stm32cubeide/plugins/com.st.stm32cube.ide.mcu.externaltools.gnu-tools-for-stm32.10.3-2021.10.win32_1.0.200.202301161003/tools/bin/../lib/gcc/arm-none-eabi/10.3.1/../../../../arm-none-eabi/lib/thumb/v6-m/nofp\libc_nano.a(lib_a-errno.o)
 .data          0x0000000000000000        0x0 c:/stm32cubeide/plugins/com.st.stm32cube.ide.mcu.externaltools.gnu-tools-for-stm32.10.3-2021.10.win32_1.0.200.202301161003/tools/bin/../lib/gcc/arm-none-eabi/10.3.1/../../../../arm-none-eabi/lib/thumb/v6-m/nofp\libc_nano.a(lib_a-errno.o)
 .bss           0x0000000000000000        0x0 c:/stm32cubeide/plugins/com.st.stm32cube.ide.mcu.externaltools.gnu-tools-for-stm32.10.3-2021.10.win32_1.0.200.202301161003/tools/bin/../lib/gcc/arm-none-eabi/10.3.1/../../../../arm-none-eabi/lib/thumb/v6-m/nofp\libc_nano.a(lib_a-errno.o)
 .text.__errno  0x0000000000000000        0xc c:/stm32cubeide/plugins/com.st.stm32cube.ide.mcu.externaltools.gnu-tools-for-stm32.10.3-2021.10.win32_1.0.200.202301161003/tools/bin/../lib/gcc/arm-none-eabi/10.3.1/../../../../arm-none-eabi/lib/thumb/v6-m/nofp\libc_nano.a(lib_a-errno.o)
 .debug_frame   0x0000000000000000       0x20 c:/stm32cubeide/plugins/com.st.stm32cube.ide.mcu.externaltools.gnu-tools-for-stm32.10.3-2021.10.win32_1.0.200.202301161003/tools/bin/../lib/gcc/arm-none-eabi/10.3.1/../../../../arm-none-eabi/lib/thumb/v6-m/nofp\libc_nano.a(lib_a-errno.o)
 .ARM.attributes
                0x0000000000000000       0x2c c:/stm32cubeide/plugins/com.st.stm32cube.ide.mcu.externaltools.gnu-tools-for-stm32.10.3-2021.10.win32_1.0.200.202301161003/tools/bin/../lib/gcc/arm-none-eabi/10.3.1/../../../../arm-none-eabi/lib/thumb/v6-m/nofp\libc_nano.a(lib_a-errno.o)
 .text          0x0000000000000000        0x0 c:/stm32cubeide/plugins/com.st.stm32cube.ide.mcu.externaltools.gnu-tools-for-stm32.10.3-2021.10.win32_1.0.200.202301161003/tools/bin/../lib/gcc/arm-none-eabi/10.3.1/../../../../arm-none-eabi/lib/thumb/v6-m/nofp\libc_nano.a(lib_a-exit.o)
 .data          0x0000000000000000        0x0 c:/stm32cubeide/plugins/com.st.stm32cube.ide.mcu.externaltools.gnu-tools-for-stm32.10.3-2021.10.win32_1.0.200.202301161003/tools/bin/../lib/gcc/arm-none-eabi/10.3.1/../../../../arm-none-eabi/lib/thumb/v6-m/nofp\libc_nano.a(lib_a-exit.o)
 .bss           0x0000000000000000        0x0 c:/stm32cubeide/plugins/com.st.stm32cube.ide.mcu.externaltools.gnu-tools-for-stm32.10.3-2021.10.win32_1.0.200.202301161003/tools/bin/../lib/gcc/arm-none-eabi/10.3.1/../../../../arm-none-eabi/lib/thumb/v6-m/nofp\libc_nano.a(lib_a-exit.o)
 .text.exit     0x0000000000000000       0x2c c:/stm32cubeide/plugins/com.st.stm32cube.ide.mcu.externaltools.gnu-tools-for-stm32.10.3-2021.10.win32_1.0.200.202301161003/tools/bin/../lib/gcc/arm-none-eabi/10.3.1/../../../../arm-none-eabi/lib/thumb/v6-m/nofp\libc_nano.a(lib_a-exit.o)
 .debug_frame   0x0000000000000000       0x28 c:/stm32cubeide/plugins/com.st.stm32cube.ide.mcu.externaltools.gnu-tools-for-stm32.10.3-2021.10.win32_1.0.200.202301161003/tools/bin/../lib/gcc/arm-none-eabi/10.3.1/../../../../arm-none-eabi/lib/thumb/v6-m/nofp\libc_nano.a(lib_a-exit.o)
 .ARM.attributes
                0x0000000000000000       0x2c c:/stm32cubeide/plugins/com.st.stm32cube.ide.mcu.externaltools.gnu-tools-for-stm32.10.3-2021.10.win32_1.0.200.202301161003/tools/bin/../lib/gcc/arm-none-eabi/10.3.1/../../../../arm-none-eabi/lib/thumb/v6-m/nofp\libc_nano.a(lib_a-exit.o)
 .text          0x0000000000000000        0x0 c:/stm32cubeide/plugins/com.st.stm32cube.ide.mcu.externaltools.gnu-tools-for-stm32.10.3-2021.10.win32_1.0.200.202301161003/tools/bin/../lib/gcc/arm-none-eabi/10.3.1/../../../../arm-none-eabi/lib/thumb/v6-m/nofp\libc_nano.a(lib_a-impure.o)
 .data          0x0000000000000000        0x0 c:/stm32cubeide/plugins/com.st.stm32cube.ide.mcu.externaltools.gnu-tools-for-stm32.10.3-2021.10.win32_1.0.200.202301161003/tools/bin/../lib/gcc/arm-none-eabi/10.3.1/../../../../arm-none-eabi/lib/thumb/v6-m/nofp\libc_nano.a(lib_a-impure.o)
 .bss           0x0000000000000000        0x0 c:/stm32cubeide/plugins/com.st.stm32cube.ide.mcu.externaltools.gnu-tools-for-stm32.10.3-2021.10.win32_1.0.200.202301161003/tools/bin/../lib/gcc/arm-none-eabi/10.3.1/../../../../arm-none-eabi/lib/thumb/v6-m/nofp\libc_nano.a(lib_a-impure.o)
 .data._impure_ptr
                0x0000000000000000        0x4 c:/stm32cubeide/plugins/com.st.stm32cube.ide.mcu.externaltools.gnu-tools-for-stm32.10.3-2021.10.win32_1.0.200.202301161003/tools/bin/../lib/gcc/arm-none-eabi/10.3.1/../../../../arm-none-eabi/lib/thumb/v6-m/nofp\libc_nano.a(lib_a-impure.o)
 .data.impure_data
                0x0000000000000000       0x60 c:/stm32cubeide/plugins/com.st.stm32cube.ide.mcu.externaltools.gnu-tools-for-stm32.10.3-2021.10.win32_1.0.200.202301161003/tools/bin/../lib/gcc/arm-none-eabi/10.3.1/../../../../arm-none-eabi/lib/thumb/v6-m/nofp\libc_nano.a(lib_a-impure.o)
 .rodata._global_impure_ptr
                0x0000000000000000        0x4 c:/stm32cubeide/plugins/com.st.stm32cube.ide.mcu.externaltools.gnu-tools-for-stm32.10.3-2021.10.win32_1.0.200.202301161003/tools/bin/../lib/gcc/arm-none-eabi/10.3.1/../../../../arm-none-eabi/lib/thumb/v6-m/nofp\libc_nano.a(lib_a-impure.o)
 .ARM.attributes
                0x0000000000000000       0x2c c:/stm32cubeide/plugins/com.st.stm32cube.ide.mcu.externaltools.gnu-tools-for-stm32.10.3-2021.10.win32_1.0.200.202301161003/tools/bin/../lib/gcc/arm-none-eabi/10.3.1/../../../../arm-none-eabi/lib/thumb/v6-m/nofp\libc_nano.a(lib_a-impure.o)
 .text          0x0000000000000000        0x0 c:/stm32cubeide/plugins/com.st.stm32cube.ide.mcu.externaltools.gnu-tools-for-stm32.10.3-2021.10.win32_1.0.200.202301161003/tools/bin/../lib/gcc/arm-none-eabi/10.3.1/../../../../arm-none-eabi/lib/thumb/v6-m/nofp\libc_nano.a(lib_a-init.o)
 .data          0x0000000000000000        0x0 c:/stm32cubeide/plugins/com.st.stm32cube.ide.mcu.externaltools.gnu-tools-for-stm32.10.3-2021.10.win32_1.0.200.202301161003/tools/bin/../lib/gcc/arm-none-eabi/10.3.1/../../../../arm-none-eabi/lib/thumb/v6-m/nofp\libc_nano.a(lib_a-init.o)
 .bss           0x0000000000000000        0x0 c:/stm32cubeide/plugins/com.st.stm32cube.ide.mcu.externaltools.gnu-tools-for-stm32.10.3-2021.10.win32_1.0.200.202301161003/tools/bin/../lib/gcc/arm-none-eabi/10.3.1/../../../../arm-none-eabi/lib/thumb/v6-m/nofp\libc_nano.a(lib_a-init.o)
 .text          0x0000000000000000        0x0 c:/stm32cubeide/plugins/com.st.stm32cube.ide.mcu.externaltools.gnu-tools-for-stm32.10.3-2021.10.win32_1.0.200.202301161003/tools/bin/../lib/gcc/arm-none-eabi/10.3.1/../../../../arm-none-eabi/lib/thumb/v6-m/nofp\libc_nano.a(lib_a-memset.o)
 .data          0x0000000000000000        0x0 c:/stm32cubeide/plugins/com.st.stm32cube.ide.mcu.externaltools.gnu-tools-for-stm32.10.3-2021.10.win32_1.0.200.202301161003/tools/bin/../lib/gcc/arm-none-eabi/10.3.1/../../../../arm-none-eabi/lib/thumb/v6-m/nofp\libc_nano.a(lib_a-memset.o)
 .bss           0x0000000000000000        0x0 c:/stm32cubeide/plugins/com.st.stm32cube.ide.mcu.externaltools.gnu-tools-for-stm32.10.3-2021.10.win32_1.0.200.202301161003/tools/bin/../lib/gcc/arm-none-eabi/10.3.1/../../../../arm-none-eabi/lib/thumb/v6-m/nofp\libc_nano.a(lib_a-memset.o)
 .data          0x0000000000000000        0x0 c:/stm32cubeide/plugins/com.st.stm32cube.ide.mcu.externaltools.gnu-tools-for-stm32.10.3-2021.10.win32_1.0.200.202301161003/tools/bin/../lib/gcc/arm-none-eabi/10.3.1/thumb/v6-m/nofp\libgcc.a(_udivsi3.o)
 .bss           0x0000000000000000        0x0 c:/stm32cubeide/plugins/com.st.stm32cube.ide.mcu.externaltools.gnu-tools-for-stm32.10.3-2021.10.win32_1.0.200.202301161003/tools/bin/../lib/gcc/arm-none-eabi/10.3.1/thumb/v6-m/nofp\libgcc.a(_udivsi3.o)
 .data          0x0000000000000000        0x0 c:/stm32cubeide/plugins/com.st.stm32cube.ide.mcu.externaltools.gnu-tools-for-stm32.10.3-2021.10.win32_1.0.200.202301161003/tools/bin/../lib/gcc/arm-none-eabi/10.3.1/thumb/v6-m/nofp\libgcc.a(_dvmd_tls.o)
 .bss           0x0000000000000000        0x0 c:/stm32cubeide/plugins/com.st.stm32cube.ide.mcu.externaltools.gnu-tools-for-stm32.10.3-2021.10.win32_1.0.200.202301161003/tools/bin/../lib/gcc/arm-none-eabi/10.3.1/thumb/v6-m/nofp\libgcc.a(_dvmd_tls.o)
 .data          0x0000000000000000        0x0 c:/stm32cubeide/plugins/com.st.stm32cube.ide.mcu.externaltools.gnu-tools-for-stm32.10.3-2021.10.win32_1.0.200.202301161003/tools/bin/../lib/gcc/arm-none-eabi/10.3.1/thumb/v6-m/nofp\libgcc.a(_clzsi2.o)
 .bss           0x0000000000000000        0x0 c:/stm32cubeide/plugins/com.st.stm32cube.ide.mcu.externaltools.gnu-tools-for-stm32.10.3-2021.10.win32_1.0.200.202301161003/tools/bin/../lib/gcc/arm-none-eabi/10.3.1/thumb/v6-m/nofp\libgcc.a(_clzsi2.o)
 .text          0x0000000000000000        0x0 c:/stm32cubeide/plugins/com.st.stm32cube.ide.mcu.externaltools.gnu-tools-for-stm32.10.3-2021.10.win32_1.0.200.202301161003/tools/bin/../lib/gcc/arm-none-eabi/10.3.1/thumb/v6-m/nofp/crtend.o
 .data          0x0000000000000000        0x0 c:/stm32cubeide/plugins/com.st.stm32cube.ide.mcu.externaltools.gnu-tools-for-stm32.10.3-2021.10.win32_1.0.200.202301161003/tools/bin/../lib/gcc/arm-none-eabi/10.3.1/thumb/v6-m/nofp/crtend.o
 .bss           0x0000000000000000        0x0 c:/stm32cubeide/plugins/com.st.stm32cube.ide.mcu.externaltools.gnu-tools-for-stm32.10.3-2021.10.win32_1.0.200.202301161003/tools/bin/../lib/gcc/arm-none-eabi/10.3.1/thumb/v6-m/nofp/crtend.o
 .rodata        0x0000000000000000       0x24 c:/stm32cubeide/plugins/com.st.stm32cube.ide.mcu.externaltools.gnu-tools-for-stm32.10.3-2021.10.win32_1.0.200.202301161003/tools/bin/../lib/gcc/arm-none-eabi/10.3.1/thumb/v6-m/nofp/crtend.o
 .eh_frame      0x0000000000000000        0x4 c:/stm32cubeide/plugins/com.st.stm32cube.ide.mcu.externaltools.gnu-tools-for-stm32.10.3-2021.10.win32_1.0.200.202301161003/tools/bin/../lib/gcc/arm-none-eabi/10.3.1/thumb/v6-m/nofp/crtend.o
 .ARM.attributes
                0x0000000000000000       0x2c c:/stm32cubeide/plugins/com.st.stm32cube.ide.mcu.externaltools.gnu-tools-for-stm32.10.3-2021.10.win32_1.0.200.202301161003/tools/bin/../lib/gcc/arm-none-eabi/10.3.1/thumb/v6-m/nofp/crtend.o
 .text          0x0000000000000000        0x0 c:/stm32cubeide/plugins/com.st.stm32cube.ide.mcu.externaltools.gnu-tools-for-stm32.10.3-2021.10.win32_1.0.200.202301161003/tools/bin/../lib/gcc/arm-none-eabi/10.3.1/thumb/v6-m/nofp/crtn.o
 .data          0x0000000000000000        0x0 c:/stm32cubeide/plugins/com.st.stm32cube.ide.mcu.externaltools.gnu-tools-for-stm32.10.3-2021.10.win32_1.0.200.202301161003/tools/bin/../lib/gcc/arm-none-eabi/10.3.1/thumb/v6-m/nofp/crtn.o
 .bss           0x0000000000000000        0x0 c:/stm32cubeide/plugins/com.st.stm32cube.ide.mcu.externaltools.gnu-tools-for-stm32.10.3-2021.10.win32_1.0.200.202301161003/tools/bin/../lib/gcc/arm-none-eabi/10.3.1/thumb/v6-m/nofp/crtn.o

Memory Configuration

Name             Origin             Length             Attributes
RAM              0x0000000020000000 0x0000000000003000 xrw
FLASH            0x0000000008000000 0x0000000000008000 xr
*default*        0x0000000000000000 0xffffffffffffffff

Linker script and memory map

LOAD c:/stm32cubeide/plugins/com.st.stm32cube.ide.mcu.externaltools.gnu-tools-for-stm32.10.3-2021.10.win32_1.0.200.202301161003/tools/bin/../lib/gcc/arm-none-eabi/10.3.1/thumb/v6-m/nofp/crti.o
LOAD c:/stm32cubeide/plugins/com.st.stm32cube.ide.mcu.externaltools.gnu-tools-for-stm32.10.3-2021.10.win32_1.0.200.202301161003/tools/bin/../lib/gcc/arm-none-eabi/10.3.1/thumb/v6-m/nofp/crtbegin.o
LOAD c:/stm32cubeide/plugins/com.st.stm32cube.ide.mcu.externaltools.gnu-tools-for-stm32.10.3-2021.10.win32_1.0.200.202301161003/tools/bin/../lib/gcc/arm-none-eabi/10.3.1/../../../../arm-none-eabi/lib/thumb/v6-m/nofp/crt0.o
LOAD ./Core/Src/main.o
LOAD ./Core/Src/stm32c0xx_it.o
LOAD ./Core/Src/syscalls.o
LOAD ./Core/Src/sysmem.o
LOAD ./Core/Src/system_stm32c0xx.o
LOAD ./Core/Startup/startup_stm32c031c6tx.o
LOAD ./Drivers/STM32C0xx_HAL_Driver/Src/stm32c0xx_ll_exti.o
LOAD ./Drivers/STM32C0xx_HAL_Driver/Src/stm32c0xx_ll_gpio.o
LOAD ./Drivers/STM32C0xx_HAL_Driver/Src/stm32c0xx_ll_pwr.o
LOAD ./Drivers/STM32C0xx_HAL_Driver/Src/stm32c0xx_ll_rcc.o
LOAD ./Drivers/STM32C0xx_HAL_Driver/Src/stm32c0xx_ll_utils.o
START GROUP
LOAD c:/stm32cubeide/plugins/com.st.stm32cube.ide.mcu.externaltools.gnu-tools-for-stm32.10.3-2021.10.win32_1.0.200.202301161003/tools/bin/../lib/gcc/arm-none-eabi/10.3.1/../../../../arm-none-eabi/lib/thumb/v6-m/nofp\libc_nano.a
LOAD c:/stm32cubeide/plugins/com.st.stm32cube.ide.mcu.externaltools.gnu-tools-for-stm32.10.3-2021.10.win32_1.0.200.202301161003/tools/bin/../lib/gcc/arm-none-eabi/10.3.1/../../../../arm-none-eabi/lib/thumb/v6-m/nofp\libm.a
END GROUP
START GROUP
LOAD c:/stm32cubeide/plugins/com.st.stm32cube.ide.mcu.externaltools.gnu-tools-for-stm32.10.3-2021.10.win32_1.0.200.202301161003/tools/bin/../lib/gcc/arm-none-eabi/10.3.1/thumb/v6-m/nofp\libgcc.a
LOAD c:/stm32cubeide/plugins/com.st.stm32cube.ide.mcu.externaltools.gnu-tools-for-stm32.10.3-2021.10.win32_1.0.200.202301161003/tools/bin/../lib/gcc/arm-none-eabi/10.3.1/../../../../arm-none-eabi/lib/thumb/v6-m/nofp\libc_nano.a
END GROUP
START GROUP
LOAD c:/stm32cubeide/plugins/com.st.stm32cube.ide.mcu.externaltools.gnu-tools-for-stm32.10.3-2021.10.win32_1.0.200.202301161003/tools/bin/../lib/gcc/arm-none-eabi/10.3.1/thumb/v6-m/nofp\libgcc.a
LOAD c:/stm32cubeide/plugins/com.st.stm32cube.ide.mcu.externaltools.gnu-tools-for-stm32.10.3-2021.10.win32_1.0.200.202301161003/tools/bin/../lib/gcc/arm-none-eabi/10.3.1/../../../../arm-none-eabi/lib/thumb/v6-m/nofp\libc_nano.a
LOAD c:/stm32cubeide/plugins/com.st.stm32cube.ide.mcu.externaltools.gnu-tools-for-stm32.10.3-2021.10.win32_1.0.200.202301161003/tools/bin/../lib/gcc/arm-none-eabi/10.3.1/../../../../arm-none-eabi/lib/thumb/v6-m/nofp\libnosys.a
END GROUP
START GROUP
LOAD c:/stm32cubeide/plugins/com.st.stm32cube.ide.mcu.externaltools.gnu-tools-for-stm32.10.3-2021.10.win32_1.0.200.202301161003/tools/bin/../lib/gcc/arm-none-eabi/10.3.1/thumb/v6-m/nofp\libgcc.a
LOAD c:/stm32cubeide/plugins/com.st.stm32cube.ide.mcu.externaltools.gnu-tools-for-stm32.10.3-2021.10.win32_1.0.200.202301161003/tools/bin/../lib/gcc/arm-none-eabi/10.3.1/../../../../arm-none-eabi/lib/thumb/v6-m/nofp\libc_nano.a
LOAD c:/stm32cubeide/plugins/com.st.stm32cube.ide.mcu.externaltools.gnu-tools-for-stm32.10.3-2021.10.win32_1.0.200.202301161003/tools/bin/../lib/gcc/arm-none-eabi/10.3.1/../../../../arm-none-eabi/lib/thumb/v6-m/nofp\libnosys.a
END GROUP
LOAD c:/stm32cubeide/plugins/com.st.stm32cube.ide.mcu.externaltools.gnu-tools-for-stm32.10.3-2021.10.win32_1.0.200.202301161003/tools/bin/../lib/gcc/arm-none-eabi/10.3.1/thumb/v6-m/nofp/crtend.o
LOAD c:/stm32cubeide/plugins/com.st.stm32cube.ide.mcu.externaltools.gnu-tools-for-stm32.10.3-2021.10.win32_1.0.200.202301161003/tools/bin/../lib/gcc/arm-none-eabi/10.3.1/thumb/v6-m/nofp/crtn.o
                0x0000000020003000                _estack = (ORIGIN (RAM) + LENGTH (RAM))
                0x0000000000000000                _Min_Heap_Size = 0x0
                0x0000000000000400                _Min_Stack_Size = 0x400

.isr_vector     0x0000000008000000       0xc0
                0x0000000008000000                . = ALIGN (0x4)
 *(.isr_vector)
 .isr_vector    0x0000000008000000       0xc0 ./Core/Startup/startup_stm32c031c6tx.o
                0x0000000008000000                g_pfnVectors
                0x00000000080000c0                . = ALIGN (0x4)

.text           0x00000000080000c0      0xdbc
                0x00000000080000c0                . = ALIGN (0x4)
 *(.text)
 .text          0x00000000080000c0       0x48 c:/stm32cubeide/plugins/com.st.stm32cube.ide.mcu.externaltools.gnu-tools-for-stm32.10.3-2021.10.win32_1.0.200.202301161003/tools/bin/../lib/gcc/arm-none-eabi/10.3.1/thumb/v6-m/nofp/crtbegin.o
 .text          0x0000000008000108      0x114 c:/stm32cubeide/plugins/com.st.stm32cube.ide.mcu.externaltools.gnu-tools-for-stm32.10.3-2021.10.win32_1.0.200.202301161003/tools/bin/../lib/gcc/arm-none-eabi/10.3.1/thumb/v6-m/nofp\libgcc.a(_udivsi3.o)
                0x0000000008000108                __aeabi_uidiv
                0x0000000008000108                __udivsi3
                0x0000000008000214                __aeabi_uidivmod
 .text          0x000000000800021c        0x4 c:/stm32cubeide/plugins/com.st.stm32cube.ide.mcu.externaltools.gnu-tools-for-stm32.10.3-2021.10.win32_1.0.200.202301161003/tools/bin/../lib/gcc/arm-none-eabi/10.3.1/thumb/v6-m/nofp\libgcc.a(_dvmd_tls.o)
                0x000000000800021c                __aeabi_idiv0
                0x000000000800021c                __aeabi_ldiv0
 .text          0x0000000008000220       0x3c c:/stm32cubeide/plugins/com.st.stm32cube.ide.mcu.externaltools.gnu-tools-for-stm32.10.3-2021.10.win32_1.0.200.202301161003/tools/bin/../lib/gcc/arm-none-eabi/10.3.1/thumb/v6-m/nofp\libgcc.a(_clzsi2.o)
                0x0000000008000220                __clzsi2
 *(.text*)
 .text.__NVIC_SetPriority
                0x000000000800025c       0xdc ./Core/Src/main.o
 .text.SysTick_Config
                0x0000000008000338       0x48 ./Core/Src/main.o
 .text.LL_RCC_HSI_Enable
                0x0000000008000380       0x1c ./Core/Src/main.o
 .text.LL_RCC_HSI_IsReady
                0x000000000800039c       0x28 ./Core/Src/main.o
 .text.LL_RCC_HSI_SetCalibTrimming
                0x00000000080003c4       0x2c ./Core/Src/main.o
 .text.LL_RCC_SetSysClkSource
                0x00000000080003f0       0x28 ./Core/Src/main.o
 .text.LL_RCC_GetSysClkSource
                0x0000000008000418       0x18 ./Core/Src/main.o
 .text.LL_RCC_SetAHBPrescaler
                0x0000000008000430       0x2c ./Core/Src/main.o
 .text.LL_RCC_SetAPB1Prescaler
                0x000000000800045c       0x2c ./Core/Src/main.o
 .text.LL_RCC_SetHSIDiv
                0x0000000008000488       0x2c ./Core/Src/main.o
 .text.LL_APB1_GRP1_EnableClock
                0x00000000080004b4       0x2c ./Core/Src/main.o
 .text.LL_APB2_GRP1_EnableClock
                0x00000000080004e0       0x2c ./Core/Src/main.o
 .text.LL_IOP_GRP1_EnableClock
                0x000000000800050c       0x2c ./Core/Src/main.o
 .text.LL_GPIO_ResetOutputPin
                0x0000000008000538       0x18 ./Core/Src/main.o
 .text.LL_GPIO_TogglePin
                0x0000000008000550       0x2e ./Core/Src/main.o
 *fill*         0x000000000800057e        0x2 
 .text.main     0x0000000008000580       0x48 ./Core/Src/main.o
                0x0000000008000580                main
 .text.SystemClock_Config
                0x00000000080005c8       0x5c ./Core/Src/main.o
                0x00000000080005c8                SystemClock_Config
 .text.MX_GPIO_Init
                0x0000000008000624       0x5a ./Core/Src/main.o
 .text.NMI_Handler
                0x000000000800067e        0x6 ./Core/Src/stm32c0xx_it.o
                0x000000000800067e                NMI_Handler
 .text.HardFault_Handler
                0x0000000008000684        0x6 ./Core/Src/stm32c0xx_it.o
                0x0000000008000684                HardFault_Handler
 .text.SVC_Handler
                0x000000000800068a        0xa ./Core/Src/stm32c0xx_it.o
                0x000000000800068a                SVC_Handler
 .text.PendSV_Handler
                0x0000000008000694        0xa ./Core/Src/stm32c0xx_it.o
                0x0000000008000694                PendSV_Handler
 *fill*         0x000000000800069e        0x2 
 .text.SysTick_Handler
                0x00000000080006a0       0x18 ./Core/Src/stm32c0xx_it.o
                0x00000000080006a0                SysTick_Handler
 .text.SystemInit
                0x00000000080006b8       0x18 ./Core/Src/system_stm32c0xx.o
                0x00000000080006b8                SystemInit
 .text.Reset_Handler
                0x00000000080006d0       0x50 ./Core/Startup/startup_stm32c031c6tx.o
                0x00000000080006d0                Reset_Handler
 .text.Default_Handler
                0x0000000008000720        0x2 ./Core/Startup/startup_stm32c031c6tx.o
                0x0000000008000720                TIM1_CC_IRQHandler
                0x0000000008000720                I2C1_IRQHandler
                0x0000000008000720                DMAMUX1_IRQHandler
                0x0000000008000720                SPI1_IRQHandler
                0x0000000008000720                EXTI2_3_IRQHandler
                0x0000000008000720                ADC1_IRQHandler
                0x0000000008000720                TIM17_IRQHandler
                0x0000000008000720                RTC_IRQHandler
                0x0000000008000720                TIM16_IRQHandler
                0x0000000008000720                TIM3_IRQHandler
                0x0000000008000720                EXTI4_15_IRQHandler
                0x0000000008000720                RCC_IRQHandler
                0x0000000008000720                DMA1_Channel1_IRQHandler
                0x0000000008000720                Default_Handler
                0x0000000008000720                TIM14_IRQHandler
                0x0000000008000720                EXTI0_1_IRQHandler
                0x0000000008000720                WWDG_IRQHandler
                0x0000000008000720                DMA1_Channel2_3_IRQHandler
                0x0000000008000720                USART2_IRQHandler
                0x0000000008000720                FLASH_IRQHandler
                0x0000000008000720                USART1_IRQHandler
                0x0000000008000720                TIM1_BRK_UP_TRG_COM_IRQHandler
 .text.LL_GPIO_SetPinMode
                0x0000000008000722       0xe8 ./Drivers/STM32C0xx_HAL_Driver/Src/stm32c0xx_ll_gpio.o
 .text.LL_GPIO_SetPinOutputType
                0x000000000800080a       0x2a ./Drivers/STM32C0xx_HAL_Driver/Src/stm32c0xx_ll_gpio.o
 .text.LL_GPIO_SetPinSpeed
                0x0000000008000834       0xe8 ./Drivers/STM32C0xx_HAL_Driver/Src/stm32c0xx_ll_gpio.o
 .text.LL_GPIO_SetPinPull
                0x000000000800091c       0xe8 ./Drivers/STM32C0xx_HAL_Driver/Src/stm32c0xx_ll_gpio.o
 .text.LL_GPIO_SetAFPin_0_7
                0x0000000008000a04       0xe8 ./Drivers/STM32C0xx_HAL_Driver/Src/stm32c0xx_ll_gpio.o
 .text.LL_GPIO_SetAFPin_8_15
                0x0000000008000aec       0xec ./Drivers/STM32C0xx_HAL_Driver/Src/stm32c0xx_ll_gpio.o
 .text.LL_GPIO_Init
                0x0000000008000bd8      0x17a ./Drivers/STM32C0xx_HAL_Driver/Src/stm32c0xx_ll_gpio.o
                0x0000000008000bd8                LL_GPIO_Init
 *fill*         0x0000000008000d52        0x2 
 .text.LL_InitTick
                0x0000000008000d54       0x34 ./Drivers/STM32C0xx_HAL_Driver/Src/stm32c0xx_ll_utils.o
 .text.LL_Init1msTick
                0x0000000008000d88       0x1e ./Drivers/STM32C0xx_HAL_Driver/Src/stm32c0xx_ll_utils.o
                0x0000000008000d88                LL_Init1msTick
 *fill*         0x0000000008000da6        0x2 
 .text.LL_mDelay
                0x0000000008000da8       0x48 ./Drivers/STM32C0xx_HAL_Driver/Src/stm32c0xx_ll_utils.o
                0x0000000008000da8                LL_mDelay
 .text.LL_SetSystemCoreClock
                0x0000000008000df0       0x1c ./Drivers/STM32C0xx_HAL_Driver/Src/stm32c0xx_ll_utils.o
                0x0000000008000df0                LL_SetSystemCoreClock
 .text.__libc_init_array
                0x0000000008000e0c       0x48 c:/stm32cubeide/plugins/com.st.stm32cube.ide.mcu.externaltools.gnu-tools-for-stm32.10.3-2021.10.win32_1.0.200.202301161003/tools/bin/../lib/gcc/arm-none-eabi/10.3.1/../../../../arm-none-eabi/lib/thumb/v6-m/nofp\libc_nano.a(lib_a-init.o)
                0x0000000008000e0c                __libc_init_array
 .text.memset   0x0000000008000e54       0x10 c:/stm32cubeide/plugins/com.st.stm32cube.ide.mcu.externaltools.gnu-tools-for-stm32.10.3-2021.10.win32_1.0.200.202301161003/tools/bin/../lib/gcc/arm-none-eabi/10.3.1/../../../../arm-none-eabi/lib/thumb/v6-m/nofp\libc_nano.a(lib_a-memset.o)
                0x0000000008000e54                memset
 *(.glue_7)
 .glue_7        0x0000000008000e64        0x0 linker stubs
 *(.glue_7t)
 .glue_7t       0x0000000008000e64        0x0 linker stubs
 *(.eh_frame)
 .eh_frame      0x0000000008000e64        0x0 c:/stm32cubeide/plugins/com.st.stm32cube.ide.mcu.externaltools.gnu-tools-for-stm32.10.3-2021.10.win32_1.0.200.202301161003/tools/bin/../lib/gcc/arm-none-eabi/10.3.1/thumb/v6-m/nofp/crtbegin.o
 *(.init)
 .init          0x0000000008000e64        0x4 c:/stm32cubeide/plugins/com.st.stm32cube.ide.mcu.externaltools.gnu-tools-for-stm32.10.3-2021.10.win32_1.0.200.202301161003/tools/bin/../lib/gcc/arm-none-eabi/10.3.1/thumb/v6-m/nofp/crti.o
                0x0000000008000e64                _init
 .init          0x0000000008000e68        0x8 c:/stm32cubeide/plugins/com.st.stm32cube.ide.mcu.externaltools.gnu-tools-for-stm32.10.3-2021.10.win32_1.0.200.202301161003/tools/bin/../lib/gcc/arm-none-eabi/10.3.1/thumb/v6-m/nofp/crtn.o
 *(.fini)
 .fini          0x0000000008000e70        0x4 c:/stm32cubeide/plugins/com.st.stm32cube.ide.mcu.externaltools.gnu-tools-for-stm32.10.3-2021.10.win32_1.0.200.202301161003/tools/bin/../lib/gcc/arm-none-eabi/10.3.1/thumb/v6-m/nofp/crti.o
                0x0000000008000e70                _fini
 .fini          0x0000000008000e74        0x8 c:/stm32cubeide/plugins/com.st.stm32cube.ide.mcu.externaltools.gnu-tools-for-stm32.10.3-2021.10.win32_1.0.200.202301161003/tools/bin/../lib/gcc/arm-none-eabi/10.3.1/thumb/v6-m/nofp/crtn.o
                0x0000000008000e7c                . = ALIGN (0x4)
                0x0000000008000e7c                _etext = .

.vfp11_veneer   0x0000000008000e7c        0x0
 .vfp11_veneer  0x0000000008000e7c        0x0 linker stubs

.v4_bx          0x0000000008000e7c        0x0
 .v4_bx         0x0000000008000e7c        0x0 linker stubs

.iplt           0x0000000008000e7c        0x0
 .iplt          0x0000000008000e7c        0x0 c:/stm32cubeide/plugins/com.st.stm32cube.ide.mcu.externaltools.gnu-tools-for-stm32.10.3-2021.10.win32_1.0.200.202301161003/tools/bin/../lib/gcc/arm-none-eabi/10.3.1/thumb/v6-m/nofp/crtbegin.o

.rel.dyn        0x0000000008000e7c        0x0
 .rel.iplt      0x0000000008000e7c        0x0 c:/stm32cubeide/plugins/com.st.stm32cube.ide.mcu.externaltools.gnu-tools-for-stm32.10.3-2021.10.win32_1.0.200.202301161003/tools/bin/../lib/gcc/arm-none-eabi/10.3.1/thumb/v6-m/nofp/crtbegin.o

.rodata         0x0000000008000e7c        0x0
                0x0000000008000e7c                . = ALIGN (0x4)
 *(.rodata)
 *(.rodata*)
                0x0000000008000e7c                . = ALIGN (0x4)

.ARM.extab      0x0000000008000e7c        0x0
                0x0000000008000e7c                . = ALIGN (0x4)
 *(.ARM.extab* .gnu.linkonce.armextab.*)
                0x0000000008000e7c                . = ALIGN (0x4)

.ARM            0x0000000008000e7c        0x0
                0x0000000008000e7c                . = ALIGN (0x4)
                0x0000000008000e7c                __exidx_start = .
 *(.ARM.exidx*)
                0x0000000008000e7c                __exidx_end = .
                0x0000000008000e7c                . = ALIGN (0x4)

.preinit_array  0x0000000008000e7c        0x0
                0x0000000008000e7c                . = ALIGN (0x4)
                0x0000000008000e7c                PROVIDE (__preinit_array_start = .)
 *(.preinit_array*)
                0x0000000008000e7c                PROVIDE (__preinit_array_end = .)
                0x0000000008000e7c                . = ALIGN (0x4)

.init_array     0x0000000008000e7c        0x4
                0x0000000008000e7c                . = ALIGN (0x4)
                0x0000000008000e7c                PROVIDE (__init_array_start = .)
 *(SORT_BY_NAME(.init_array.*))
 *(.init_array*)
 .init_array    0x0000000008000e7c        0x4 c:/stm32cubeide/plugins/com.st.stm32cube.ide.mcu.externaltools.gnu-tools-for-stm32.10.3-2021.10.win32_1.0.200.202301161003/tools/bin/../lib/gcc/arm-none-eabi/10.3.1/thumb/v6-m/nofp/crtbegin.o
                0x0000000008000e80                PROVIDE (__init_array_end = .)
                0x0000000008000e80                . = ALIGN (0x4)

.fini_array     0x0000000008000e80        0x4
                0x0000000008000e80                . = ALIGN (0x4)
                [!provide]                        PROVIDE (__fini_array_start = .)
 *(SORT_BY_NAME(.fini_array.*))
 *(.fini_array*)
 .fini_array    0x0000000008000e80        0x4 c:/stm32cubeide/plugins/com.st.stm32cube.ide.mcu.externaltools.gnu-tools-for-stm32.10.3-2021.10.win32_1.0.200.202301161003/tools/bin/../lib/gcc/arm-none-eabi/10.3.1/thumb/v6-m/nofp/crtbegin.o
                [!provide]                        PROVIDE (__fini_array_end = .)
                0x0000000008000e84                . = ALIGN (0x4)
                0x0000000008000e84                _sidata = LOADADDR (.data)

.data           0x0000000020000000        0x4 load address 0x0000000008000e84
                0x0000000020000000                . = ALIGN (0x4)
                0x0000000020000000                _sdata = .
 *(.data)
 *(.data*)
 .data.SystemCoreClock
                0x0000000020000000        0x4 ./Core/Src/system_stm32c0xx.o
                0x0000000020000000                SystemCoreClock
 *(.RamFunc)
 *(.RamFunc*)
                0x0000000020000004                . = ALIGN (0x4)
                0x0000000020000004                _edata = .

.igot.plt       0x0000000020000004        0x0 load address 0x0000000008000e88
 .igot.plt      0x0000000020000004        0x0 c:/stm32cubeide/plugins/com.st.stm32cube.ide.mcu.externaltools.gnu-tools-for-stm32.10.3-2021.10.win32_1.0.200.202301161003/tools/bin/../lib/gcc/arm-none-eabi/10.3.1/thumb/v6-m/nofp/crtbegin.o
                0x0000000020000004                . = ALIGN (0x4)

.bss            0x0000000020000004       0x20 load address 0x0000000008000e88
                0x0000000020000004                _sbss = .
                0x0000000020000004                __bss_start__ = _sbss
 *(.bss)
 .bss           0x0000000020000004       0x1c c:/stm32cubeide/plugins/com.st.stm32cube.ide.mcu.externaltools.gnu-tools-for-stm32.10.3-2021.10.win32_1.0.200.202301161003/tools/bin/../lib/gcc/arm-none-eabi/10.3.1/thumb/v6-m/nofp/crtbegin.o
 *(.bss*)
 .bss.Systick1mS
                0x0000000020000020        0x4 ./Core/Src/stm32c0xx_it.o
                0x0000000020000020                Systick1mS
 *(COMMON)
                0x0000000020000024                . = ALIGN (0x4)
                0x0000000020000024                _ebss = .
                0x0000000020000024                __bss_end__ = _ebss

._user_heap_stack
                0x0000000020000024      0x404 load address 0x0000000008000e88
                0x0000000020000028                . = ALIGN (0x8)
 *fill*         0x0000000020000024        0x4 
                [!provide]                        PROVIDE (end = .)
                0x0000000020000028                PROVIDE (_end = .)
                0x0000000020000028                . = (. + _Min_Heap_Size)
                0x0000000020000428                . = (. + _Min_Stack_Size)
 *fill*         0x0000000020000028      0x400 
                0x0000000020000428                . = ALIGN (0x8)

/DISCARD/
 libc.a(*)
 libm.a(*)
 libgcc.a(*)

.ARM.attributes
                0x0000000000000000       0x28
 *(.ARM.attributes)
 .ARM.attributes
                0x0000000000000000       0x1e c:/stm32cubeide/plugins/com.st.stm32cube.ide.mcu.externaltools.gnu-tools-for-stm32.10.3-2021.10.win32_1.0.200.202301161003/tools/bin/../lib/gcc/arm-none-eabi/10.3.1/thumb/v6-m/nofp/crti.o
 .ARM.attributes
                0x000000000000001e       0x2c c:/stm32cubeide/plugins/com.st.stm32cube.ide.mcu.externaltools.gnu-tools-for-stm32.10.3-2021.10.win32_1.0.200.202301161003/tools/bin/../lib/gcc/arm-none-eabi/10.3.1/thumb/v6-m/nofp/crtbegin.o
 .ARM.attributes
                0x000000000000004a       0x2c ./Core/Src/main.o
 .ARM.attributes
                0x0000000000000076       0x2c ./Core/Src/stm32c0xx_it.o
 .ARM.attributes
                0x00000000000000a2       0x2c ./Core/Src/system_stm32c0xx.o
 .ARM.attributes
                0x00000000000000ce       0x22 ./Core/Startup/startup_stm32c031c6tx.o
 .ARM.attributes
                0x00000000000000f0       0x2c ./Drivers/STM32C0xx_HAL_Driver/Src/stm32c0xx_ll_gpio.o
 .ARM.attributes
                0x000000000000011c       0x2c ./Drivers/STM32C0xx_HAL_Driver/Src/stm32c0xx_ll_utils.o
 .ARM.attributes
                0x0000000000000148       0x2c c:/stm32cubeide/plugins/com.st.stm32cube.ide.mcu.externaltools.gnu-tools-for-stm32.10.3-2021.10.win32_1.0.200.202301161003/tools/bin/../lib/gcc/arm-none-eabi/10.3.1/../../../../arm-none-eabi/lib/thumb/v6-m/nofp\libc_nano.a(lib_a-init.o)
 .ARM.attributes
                0x0000000000000174       0x2c c:/stm32cubeide/plugins/com.st.stm32cube.ide.mcu.externaltools.gnu-tools-for-stm32.10.3-2021.10.win32_1.0.200.202301161003/tools/bin/../lib/gcc/arm-none-eabi/10.3.1/../../../../arm-none-eabi/lib/thumb/v6-m/nofp\libc_nano.a(lib_a-memset.o)
 .ARM.attributes
                0x00000000000001a0       0x1e c:/stm32cubeide/plugins/com.st.stm32cube.ide.mcu.externaltools.gnu-tools-for-stm32.10.3-2021.10.win32_1.0.200.202301161003/tools/bin/../lib/gcc/arm-none-eabi/10.3.1/thumb/v6-m/nofp\libgcc.a(_udivsi3.o)
 .ARM.attributes
                0x00000000000001be       0x1e c:/stm32cubeide/plugins/com.st.stm32cube.ide.mcu.externaltools.gnu-tools-for-stm32.10.3-2021.10.win32_1.0.200.202301161003/tools/bin/../lib/gcc/arm-none-eabi/10.3.1/thumb/v6-m/nofp\libgcc.a(_dvmd_tls.o)
 .ARM.attributes
                0x00000000000001dc       0x1e c:/stm32cubeide/plugins/com.st.stm32cube.ide.mcu.externaltools.gnu-tools-for-stm32.10.3-2021.10.win32_1.0.200.202301161003/tools/bin/../lib/gcc/arm-none-eabi/10.3.1/thumb/v6-m/nofp\libgcc.a(_clzsi2.o)
 .ARM.attributes
                0x00000000000001fa       0x1e c:/stm32cubeide/plugins/com.st.stm32cube.ide.mcu.externaltools.gnu-tools-for-stm32.10.3-2021.10.win32_1.0.200.202301161003/tools/bin/../lib/gcc/arm-none-eabi/10.3.1/thumb/v6-m/nofp/crtn.o
OUTPUT(Lab5-LLdrivers.elf elf32-littlearm)
LOAD linker stubs
LOAD c:/stm32cubeide/plugins/com.st.stm32cube.ide.mcu.externaltools.gnu-tools-for-stm32.10.3-2021.10.win32_1.0.200.202301161003/tools/bin/../lib/gcc/arm-none-eabi/10.3.1/../../../../arm-none-eabi/lib/thumb/v6-m/nofp\libc.a
LOAD c:/stm32cubeide/plugins/com.st.stm32cube.ide.mcu.externaltools.gnu-tools-for-stm32.10.3-2021.10.win32_1.0.200.202301161003/tools/bin/../lib/gcc/arm-none-eabi/10.3.1/../../../../arm-none-eabi/lib/thumb/v6-m/nofp\libm.a
LOAD c:/stm32cubeide/plugins/com.st.stm32cube.ide.mcu.externaltools.gnu-tools-for-stm32.10.3-2021.10.win32_1.0.200.202301161003/tools/bin/../lib/gcc/arm-none-eabi/10.3.1/thumb/v6-m/nofp\libgcc.a

.debug_info     0x0000000000000000     0x1b9b
 .debug_info    0x0000000000000000      0x99d ./Core/Src/main.o
 .debug_info    0x000000000000099d      0x138 ./Core/Src/stm32c0xx_it.o
 .debug_info    0x0000000000000ad5      0x36a ./Core/Src/system_stm32c0xx.o
 .debug_info    0x0000000000000e3f       0x22 ./Core/Startup/startup_stm32c031c6tx.o
 .debug_info    0x0000000000000e61      0x9dc ./Drivers/STM32C0xx_HAL_Driver/Src/stm32c0xx_ll_gpio.o
 .debug_info    0x000000000000183d      0x35e ./Drivers/STM32C0xx_HAL_Driver/Src/stm32c0xx_ll_utils.o

.debug_abbrev   0x0000000000000000      0x882
 .debug_abbrev  0x0000000000000000      0x299 ./Core/Src/main.o
 .debug_abbrev  0x0000000000000299       0x93 ./Core/Src/stm32c0xx_it.o
 .debug_abbrev  0x000000000000032c      0x116 ./Core/Src/system_stm32c0xx.o
 .debug_abbrev  0x0000000000000442       0x12 ./Core/Startup/startup_stm32c031c6tx.o
 .debug_abbrev  0x0000000000000454      0x24c ./Drivers/STM32C0xx_HAL_Driver/Src/stm32c0xx_ll_gpio.o
 .debug_abbrev  0x00000000000006a0      0x1e2 ./Drivers/STM32C0xx_HAL_Driver/Src/stm32c0xx_ll_utils.o

.debug_aranges  0x0000000000000000      0x200
 .debug_aranges
                0x0000000000000000       0xb0 ./Core/Src/main.o
 .debug_aranges
                0x00000000000000b0       0x40 ./Core/Src/stm32c0xx_it.o
 .debug_aranges
                0x00000000000000f0       0x28 ./Core/Src/system_stm32c0xx.o
 .debug_aranges
                0x0000000000000118       0x28 ./Core/Startup/startup_stm32c031c6tx.o
 .debug_aranges
                0x0000000000000140       0x70 ./Drivers/STM32C0xx_HAL_Driver/Src/stm32c0xx_ll_gpio.o
 .debug_aranges
                0x00000000000001b0       0x50 ./Drivers/STM32C0xx_HAL_Driver/Src/stm32c0xx_ll_utils.o

.debug_ranges   0x0000000000000000      0x1a8
 .debug_ranges  0x0000000000000000       0xa0 ./Core/Src/main.o
 .debug_ranges  0x00000000000000a0       0x30 ./Core/Src/stm32c0xx_it.o
 .debug_ranges  0x00000000000000d0       0x18 ./Core/Src/system_stm32c0xx.o
 .debug_ranges  0x00000000000000e8       0x20 ./Core/Startup/startup_stm32c031c6tx.o
 .debug_ranges  0x0000000000000108       0x60 ./Drivers/STM32C0xx_HAL_Driver/Src/stm32c0xx_ll_gpio.o
 .debug_ranges  0x0000000000000168       0x40 ./Drivers/STM32C0xx_HAL_Driver/Src/stm32c0xx_ll_utils.o

.debug_macro    0x0000000000000000     0xc623
 .debug_macro   0x0000000000000000      0x138 ./Core/Src/main.o
 .debug_macro   0x0000000000000138      0xa90 ./Core/Src/main.o
 .debug_macro   0x0000000000000bc8       0x2e ./Core/Src/main.o
 .debug_macro   0x0000000000000bf6       0x28 ./Core/Src/main.o
 .debug_macro   0x0000000000000c1e       0x22 ./Core/Src/main.o
 .debug_macro   0x0000000000000c40       0x8e ./Core/Src/main.o
 .debug_macro   0x0000000000000cce       0x51 ./Core/Src/main.o
 .debug_macro   0x0000000000000d1f      0x103 ./Core/Src/main.o
 .debug_macro   0x0000000000000e22       0x6a ./Core/Src/main.o
 .debug_macro   0x0000000000000e8c      0x1df ./Core/Src/main.o
 .debug_macro   0x000000000000106b       0x1c ./Core/Src/main.o
 .debug_macro   0x0000000000001087       0x22 ./Core/Src/main.o
 .debug_macro   0x00000000000010a9       0xd1 ./Core/Src/main.o
 .debug_macro   0x000000000000117a      0x4da ./Core/Src/main.o
 .debug_macro   0x0000000000001654      0x11f ./Core/Src/main.o
 .debug_macro   0x0000000000001773     0x9557 ./Core/Src/main.o
 .debug_macro   0x000000000000acca       0x6c ./Core/Src/main.o
 .debug_macro   0x000000000000ad36      0x361 ./Core/Src/main.o
 .debug_macro   0x000000000000b097       0xb2 ./Core/Src/main.o
 .debug_macro   0x000000000000b149      0x125 ./Core/Src/main.o
 .debug_macro   0x000000000000b26e      0x161 ./Core/Src/main.o
 .debug_macro   0x000000000000b3cf      0x179 ./Core/Src/main.o
 .debug_macro   0x000000000000b548       0x58 ./Core/Src/main.o
 .debug_macro   0x000000000000b5a0      0x14a ./Core/Src/main.o
 .debug_macro   0x000000000000b6ea      0x2c2 ./Core/Src/main.o
 .debug_macro   0x000000000000b9ac      0x185 ./Core/Src/main.o
 .debug_macro   0x000000000000bb31      0x166 ./Core/Src/main.o
 .debug_macro   0x000000000000bc97       0x2e ./Core/Src/main.o
 .debug_macro   0x000000000000bcc5      0x142 ./Core/Src/stm32c0xx_it.o
 .debug_macro   0x000000000000be07       0xc9 ./Core/Src/system_stm32c0xx.o
 .debug_macro   0x000000000000bed0      0x105 ./Drivers/STM32C0xx_HAL_Driver/Src/stm32c0xx_ll_gpio.o
 .debug_macro   0x000000000000bfd5      0x160 ./Drivers/STM32C0xx_HAL_Driver/Src/stm32c0xx_ll_gpio.o
 .debug_macro   0x000000000000c135      0x135 ./Drivers/STM32C0xx_HAL_Driver/Src/stm32c0xx_ll_utils.o
 .debug_macro   0x000000000000c26a       0x52 ./Drivers/STM32C0xx_HAL_Driver/Src/stm32c0xx_ll_utils.o
 .debug_macro   0x000000000000c2bc      0x367 ./Drivers/STM32C0xx_HAL_Driver/Src/stm32c0xx_ll_utils.o

.debug_line     0x0000000000000000     0x20c9
 .debug_line    0x0000000000000000      0x80a ./Core/Src/main.o
 .debug_line    0x000000000000080a      0x593 ./Core/Src/stm32c0xx_it.o
 .debug_line    0x0000000000000d9d      0x45b ./Core/Src/system_stm32c0xx.o
 .debug_line    0x00000000000011f8       0x89 ./Core/Startup/startup_stm32c031c6tx.o
 .debug_line    0x0000000000001281      0x8b0 ./Drivers/STM32C0xx_HAL_Driver/Src/stm32c0xx_ll_gpio.o
 .debug_line    0x0000000000001b31      0x598 ./Drivers/STM32C0xx_HAL_Driver/Src/stm32c0xx_ll_utils.o

.debug_str      0x0000000000000000    0x44443
 .debug_str     0x0000000000000000    0x434b7 ./Core/Src/main.o
                                      0x43676 (size before relaxing)
 .debug_str     0x00000000000434b7       0x81 ./Core/Src/stm32c0xx_it.o
                                      0x431a5 (size before relaxing)
 .debug_str     0x0000000000043538       0x78 ./Core/Src/system_stm32c0xx.o
                                      0x3c815 (size before relaxing)
 .debug_str     0x00000000000435b0       0x36 ./Core/Startup/startup_stm32c031c6tx.o
                                         0x64 (size before relaxing)
 .debug_str     0x00000000000435e6      0x687 ./Drivers/STM32C0xx_HAL_Driver/Src/stm32c0xx_ll_gpio.o
                                      0x3db7a (size before relaxing)
 .debug_str     0x0000000000043c6d      0x7d6 ./Drivers/STM32C0xx_HAL_Driver/Src/stm32c0xx_ll_utils.o
                                      0x3f81e (size before relaxing)

.comment        0x0000000000000000       0x50
 .comment       0x0000000000000000       0x50 ./Core/Src/main.o
                                         0x51 (size before relaxing)
 .comment       0x0000000000000050       0x51 ./Core/Src/stm32c0xx_it.o
 .comment       0x0000000000000050       0x51 ./Core/Src/system_stm32c0xx.o
 .comment       0x0000000000000050       0x51 ./Drivers/STM32C0xx_HAL_Driver/Src/stm32c0xx_ll_gpio.o
 .comment       0x0000000000000050       0x51 ./Drivers/STM32C0xx_HAL_Driver/Src/stm32c0xx_ll_utils.o

.debug_frame    0x0000000000000000      0x608
 .debug_frame   0x0000000000000000      0x258 ./Core/Src/main.o
 .debug_frame   0x0000000000000258       0x9c ./Core/Src/stm32c0xx_it.o
 .debug_frame   0x00000000000002f4       0x4c ./Core/Src/system_stm32c0xx.o
 .debug_frame   0x0000000000000340      0x170 ./Drivers/STM32C0xx_HAL_Driver/Src/stm32c0xx_ll_gpio.o
 .debug_frame   0x00000000000004b0       0xec ./Drivers/STM32C0xx_HAL_Driver/Src/stm32c0xx_ll_utils.o
 .debug_frame   0x000000000000059c       0x2c c:/stm32cubeide/plugins/com.st.stm32cube.ide.mcu.externaltools.gnu-tools-for-stm32.10.3-2021.10.win32_1.0.200.202301161003/tools/bin/../lib/gcc/arm-none-eabi/10.3.1/../../../../arm-none-eabi/lib/thumb/v6-m/nofp\libc_nano.a(lib_a-init.o)
 .debug_frame   0x00000000000005c8       0x20 c:/stm32cubeide/plugins/com.st.stm32cube.ide.mcu.externaltools.gnu-tools-for-stm32.10.3-2021.10.win32_1.0.200.202301161003/tools/bin/../lib/gcc/arm-none-eabi/10.3.1/../../../../arm-none-eabi/lib/thumb/v6-m/nofp\libc_nano.a(lib_a-memset.o)
 .debug_frame   0x00000000000005e8       0x20 c:/stm32cubeide/plugins/com.st.stm32cube.ide.mcu.externaltools.gnu-tools-for-stm32.10.3-2021.10.win32_1.0.200.202301161003/tools/bin/../lib/gcc/arm-none-eabi/10.3.1/thumb/v6-m/nofp\libgcc.a(_udivsi3.o)
