13:51:46 **** Incremental Build of configuration Debug for project C031_Nucleo-blinky ****
make -j4 all 
arm-none-eabi-gcc "../Core/Src/main.c" -mcpu=cortex-m0plus -std=gnu11 -g3 -DDEBUG -DUSE_HAL_DRIVER -DSTM32C031xx -c -I../Core/Inc -I../Drivers/STM32C0xx_HAL_Driver/Inc -I../Drivers/STM32C0xx_HAL_Driver/Inc/Legacy -I../Drivers/CMSIS/Device/ST/STM32C0xx/Include -I../Drivers/CMSIS/Include -O0 -ffunction-sections -fdata-sections -Wall -fstack-usage -fcyclomatic-complexity -MMD -MP -MF"Core/Src/main.d" -MT"Core/Src/main.o" --specs=nano.specs -mfloat-abi=soft -mthumb -o "Core/Src/main.o"
arm-none-eabi-gcc -o "C031_Nucleo-blinky.elf" @"objects.list"   -mcpu=cortex-m0plus -T"C:\STM32CubeIDE-projects\C031_Nucleo-blinky\STM32C031C6TX_FLASH.ld" --specs=nosys.specs -Wl,-Map="C031_Nucleo-blinky.map" -Wl,--gc-sections -static --specs=nano.specs -mfloat-abi=soft -mthumb -Wl,--start-group -lc -lm -Wl,--end-group
Finished building target: C031_Nucleo-blinky.elf
 
arm-none-eabi-size   C031_Nucleo-blinky.elf 
arm-none-eabi-objdump -h -S  C031_Nucleo-blinky.elf  > "C031_Nucleo-blinky.list"
   text	   data	    bss	    dec	    hex	filename
   4440	     20	   1572	   6032	   1790	C031_Nucleo-blinky.elf
Finished building: default.size.stdout
 
Finished building: C031_Nucleo-blinky.list
 

13:51:48 Build Finished. 0 errors, 0 warnings. (took 2s.522ms)

