14:35:06 **** Incremental Build of configuration Debug for project LED-timer-PWM ****
make -j4 all 
arm-none-eabi-gcc "../Core/Src/main.c" -mcpu=cortex-m0plus -std=gnu11 -g3 -DDEBUG -DUSE_HAL_DRIVER -DSTM32C031xx -c -I../Core/Inc -I../Drivers/STM32C0xx_HAL_Driver/Inc -I../Drivers/STM32C0xx_HAL_Driver/Inc/Legacy -I../Drivers/CMSIS/Device/ST/STM32C0xx/Include -I../Drivers/CMSIS/Include -O0 -ffunction-sections -fdata-sections -Wall -fstack-usage -fcyclomatic-complexity -MMD -MP -MF"Core/Src/main.d" -MT"Core/Src/main.o" --specs=nano.specs -mfloat-abi=soft -mthumb -o "Core/Src/main.o"
arm-none-eabi-gcc -o "LED-timer-PWM.elf" @"objects.list"   -mcpu=cortex-m0plus -T"C:\STM32CubeIDE-projects\LED-timer-PWM\STM32C031C6TX_FLASH.ld" --specs=nosys.specs -Wl,-Map="LED-timer-PWM.map" -Wl,--gc-sections -static --specs=nano.specs -mfloat-abi=soft -mthumb -Wl,--start-group -lc -lm -Wl,--end-group
Finished building target: LED-timer-PWM.elf
 
arm-none-eabi-size   LED-timer-PWM.elf 
arm-none-eabi-objdump -h -S  LED-timer-PWM.elf  > "LED-timer-PWM.list"
   text	   data	    bss	    dec	    hex	filename
   9568	     24	   1648	  11240	   2be8	LED-timer-PWM.elf
Finished building: default.size.stdout
 
Finished building: LED-timer-PWM.list
 

14:35:08 Build Finished. 0 errors, 0 warnings. (took 1s.924ms)

