22:07:41 **** Incremental Build of configuration Debug for project WS2812B-pwm-dma ****
make -j4 all 
arm-none-eabi-gcc "../Core/Src/main.c" -mcpu=cortex-m0plus -std=gnu11 -g3 -DDEBUG -DUSE_HAL_DRIVER -DSTM32C031xx -c -I../Core/Inc -I../Drivers/STM32C0xx_HAL_Driver/Inc -I../Drivers/STM32C0xx_HAL_Driver/Inc/Legacy -I../Drivers/CMSIS/Device/ST/STM32C0xx/Include -I../Drivers/CMSIS/Include -O0 -ffunction-sections -fdata-sections -Wall -fstack-usage -fcyclomatic-complexity -MMD -MP -MF"Core/Src/main.d" -MT"Core/Src/main.o" --specs=nano.specs -mfloat-abi=soft -mthumb -o "Core/Src/main.o"
arm-none-eabi-gcc -o "WS2812B-pwm-dma.elf" @"objects.list"   -mcpu=cortex-m0plus -T"C:\STM32_seminars_files\STM32C0_April2023\WS2812B-pwm-dma\STM32C031C6TX_FLASH.ld" --specs=nosys.specs -Wl,-Map="WS2812B-pwm-dma.map" -Wl,--gc-sections -static --specs=nano.specs -mfloat-abi=soft -mthumb -Wl,--start-group -lc -lm -Wl,--end-group
Finished building target: WS2812B-pwm-dma.elf
 
arm-none-eabi-size   WS2812B-pwm-dma.elf 
arm-none-eabi-objdump -h -S  WS2812B-pwm-dma.elf  > "WS2812B-pwm-dma.list"
   text	   data	    bss	    dec	    hex	filename
  28880	     20	   2292	  31192	   79d8	WS2812B-pwm-dma.elf
Finished building: default.size.stdout
 
Finished building: WS2812B-pwm-dma.list
 

22:07:43 Build Finished. 0 errors, 0 warnings. (took 1s.906ms)

